                   #####                              
                   #...#                              
                   #.#.#                              
                   #.#.#                              
                   #.#.#                              
                   #.#.#                              
                   #.#.#                              
                   #.#.#                              
                   #.#.#                              
                   #.#.#                              
                   #.#.#                              
                   #.#.#                              
      ##############.#.###### ######## ###########    
      #............_.#.....<# #......# #.........#    
      #..............#......# #......# #.........#    
      #.............[#......# #......# #.........#    
      #..............#......# #......# #.........#    
      #.......###.#..#......# #......###.....†...#    
#######.......###.#..#...#### #......##..........#    
#......................#.#    #......##...).....[#    
#.............##.......#.#    #.........##.#######    
#........###.....#...#.#.######......####..#    ####  
#.>....#....##...#...#..........####....#.##    #..#  
##########...#...#.......########  ####...#     #.##  
   #...# ##.(......†.....########     ##..#     #.#   
   #...#####.(.......#........[.#      #..#     #.#   
   #........(...#.#..#...######.#    ###..##   ##.#   
   #...#####.#.(#.#....#..#   #.#    #.<...#   #..#   
   #...#  ##.##........#÷.#   #.###  #.....#   #.##   
   #...# ##(.#...(._...#÷.##  #...####....†#   #.#    
   #...# #..##...#....##...#  ###..........##  #.#    
   #...###.###..###...##.#.###  ######......#  #.#    
   ##.###.)....## #...##.#...#       #......#  #.#    
    #.###..###.#  #...##.###.#####   #......## #.#    
    #.....## #.# ##.##...# #.....#   #.......###.#    
    #).#.##  #.# #.....### #####.### #.....#.....#    
    #....##  #.# #..<..#       #...# #.....##..###    
    #.....####.###....############.##########..#      
 ####.................÷)†......................#      
 #.....##...##.###........#########..#######..##      
 #.....####(##.# #....###.........(....#####..##      
 #.....##.(..#.###....# ###########............#######
 #.>.................#######      #######....#.......#
 #.............####........#######     ###...#######.#
 #..............###.####.........#  ####......##  ##.#
 #...[....)...#.#................####...###.#..#  #..#
 ##.####..........#.####..........#E#...#E#.##.## #.##
  #.# #.......#..##.#  #..........###...###.##..# #.# 
  #.# #.......##.##.## ##########...........###.###.# 
  #.# #.......##.....#    ######......_.....# #.##..# 
 ##.# ##.....#####...#    .......#..........# #....## 
 #..#####...##>...................###...##### ###..#  
 #.............###.....############E#...#E#     #.##  
 ############### #...###          ###...###     ###   
                 #...#              #####             
                 #...#                                
                 #...#                                
                 #####                                
