im bad at dcss

Level 1 of the Dungeon
(0, 0, D:1)
  a robe
(5, -5, D:1)
  20 bolts
(9, 5, D:1)
  a stone
(11, 5, D:1)
  a stone
(11, 9, D:1)
  a helmet
(12, 3, D:1)
  a stone
(13, 12, D:1)
  24 bolts
(14, 2, D:1)
  a stone
(19, 29, D:1)
  a dagger
(23, 26, D:1)
  a club
(31, -3, D:1)
  25 sling bullets
(36, 3, D:1)
  16 stones
(37, -1, D:1)
  a short sword
(38, 4, D:1)
  a dagger
(39, -4, D:1)
  a club
(41, -7, D:1)
  a whip
(44, 18, D:1)
  a club
(44, 20, D:1)
  21 stones
(44, 21, D:1)
  a dagger
(45, -6, D:1)
  24 bolts
(45, 34, D:1)
  a scale mail
(47, 24, D:1)
  25 sling bullets
(50, 32, D:1)
  a mace
(58, -8, D:1)
  a dagger

Level 2 of the Dungeon
(10, 2, D:2)
  a club
(18, 29, D:2)
  17 stones
(18, 35, D:2)
  a dagger
(19, 6, D:2)
  a quarterstaff
(23, 34, D:2)
  a club
(24, 29, D:2)
  a club
(29, 26, D:2)
  a short sword
(29, 27, D:2)
  a dagger of venom
(33, 14, D:2)
  an uncursed club
  an uncursed hunting sling
  18 stones
(34, 1, D:2)
  a dagger
(37, 14, D:2)
  a stone
(40, 32, D:2)
  a stone
(44, 34, D:2)
  a whip
(46, 6, D:2)
  21 sling bullets

Level 3 of the Dungeon
(3, 34, D:3)
  a trident
(3, 35, D:3)
  a flail
  a ring mail
(4, 21, D:3)
  a helmet
(6, 10, D:3)
  a stone
(7, 11, D:3)
  a club
(11, 39, D:3)
  a javelin
(11, 46, D:3)
  a javelin
  a leather armour
(12, 45, D:3)
  a robe
(17, 23, D:3)
  a robe
(21, 39, D:3)
  a club
(25, 6, D:3)
  a war axe
(44, 3, D:3)
  19 stones
(45, 38, D:3)
  a falchion

Level 4 of the Dungeon
[Shop] Oruomoik's Antique Armour Emporium
  a robe (14 gold)
  a ring mail (84 gold)
  a large shield (94 gold)
  a ring mail (84 gold)
  a pair of embroidered boots (157 gold)
  a robe (14 gold)
  a scale mail (84 gold)
  a runed ring mail (147 gold)
  a scale mail (84 gold)
  a pitted leather armour (147 gold)
(20, -6, D:4)
  a short sword
(31, -3, D:4)
  11 gold pieces
(32, -1, D:4)
  12 gold pieces
(32, 7, D:4)
  13 gold pieces
(35, 0, D:4)
  14 gold pieces
(40, -1, D:4)
  18 bolts
(43, -2, D:4)
  a ration
(45, -1, D:4)
  a smoky dark potion
(45, 2, D:4)
  a scroll labeled PUONLA BIAWAFU

Level 5 of the Dungeon
(0, 0, D:5)
  a mace
(0, 3, D:5)
  19 gold pieces
(4, -2, D:5)
  a robe
(32, -25, D:5)
  a spear
(37, -14, D:5)
  6 gold pieces

Level 6 of the Dungeon
(0, 0, D:6)
  a white potion
(7, -12, D:6)
  14 stones
(14, -37, D:6)
  24 bolts
(16, -31, D:6)
  27 stones

Level 7 of the Dungeon
(0, 0, D:7)
  a hound skeleton
(22, 8, D:7)
  a giant spiked club
(24, 12, D:7)
  a rapier
(31, -23, D:7)
  a leather armour
(46, -9, D:7)
  14 sling bullets
(56, -18, D:7)
  an embroidered robe

