im bad at dcss

Level 1 of the Dungeon
(0, 0, D:1)
  a +0 club
(2, 21, D:1)
  13 stones
(4, 26, D:1)
  a +0 spear
(4, 30, D:1)
  a +0 club
(11, 41, D:1)
  21 stones
(15, -9, D:1)
  2 javelins
(18, 18, D:1)
  a +0 robe
(22, 18, D:1)
  a +0 dagger
(36, -4, D:1)
  32 stones
(38, 41, D:1)
  a +0 club
(46, 9, D:1)
  9 poisoned needles
(55, -4, D:1)
  16 stones

Level 2 of the Dungeon
(0, 0, D:2)
  a +0 whip
(2, 2, D:2)
  a stone
(5, 2, D:2)
  a +0 dagger
(8, 2, D:2)
  a +0 scale mail
(9, 4, D:2)
  a +0 club
(13, -40, D:2)
  a stone
(15, -44, D:2)
  a stone
(17, -10, D:2)
  a stone
(19, -25, D:2)
  15 stones
(20, -40, D:2)
  a +0 trident
(20, -1, D:2)
  a +0 club
(28, -3, D:2)
  a +0 robe
(35, -46, D:2)
  18 poisoned needles
(35, -5, D:2)
  a +0 dagger
(39, -39, D:2)
  25 sling bullets
(41, -4, D:2)
  17 stones
(43, 6, D:2)
  15 sling bullets
(48, -29, D:2)
  10 sling bullets

Level 3 of the Dungeon
(0, 0, D:3)
  a +0 leather armour
(0, 2, D:3)
  a +0 club
(1, -1, D:3)
  a +0 flail
(4, 2, D:3)
  a +0 chain mail
(5, -5, D:3)
  a +0 hunting sling
(12, -4, D:3)
  a +0 flail
  (unseen)
(37, 2, D:3)
  a +0 club
(39, -8, D:3)
  a ball python corpse
(40, -11, D:3)
  a bat corpse
(40, 0, D:3)
  a stone
(44, -12, D:3)
  a +0 dagger
(46, -9, D:3)
  a +0 ring mail
  (unseen)
(47, -4, D:3)
  a +0 flail
  a +0 scale mail
  a gnoll skeleton
(47, 5, D:3)
  a +2 antimagic whip
  a stone
(49, 0, D:3)
  a throwing net
(49, 9, D:3)
  a +0 club
(51, -10, D:3)
  a +0 trident
  a gnoll skeleton
(51, 2, D:3)
  a +0 hand axe
  a +0 war axe
(59, -1, D:3)
  a +0 halberd

