david

Level 1 of the Dungeon
(0, 0, D:1)
  a +0 short sword
(7, -15, D:1)
  a +0 club
(7, 24, D:1)
  a +0 dagger
  a stone
(8, 1, D:1)
  a +0 club
(9, -17, D:1)
  17 stones
(12, 23, D:1)
  a stone
(13, 4, D:1)
  a +0 hand axe
(13, 5, D:1)
  a +0 short sword
(21, -17, D:1)
  a +0 robe
(30, 7, D:1)
  12 stones
(30, 8, D:1)
  14 stones
(32, 6, D:1)
  a stone
(35, 6, D:1)
  a stone
(37, 4, D:1)
  a stone
(38, 2, D:1)
  10 stones
(38, 4, D:1)
  a stone
(39, 4, D:1)
  13 stones
(39, 5, D:1)
  2 stones
(39, 8, D:1)
  2 stones
(40, 8, D:1)
  a stone
(40, 9, D:1)
  a stone
(40, 13, D:1)
  a +0 mace
(41, 7, D:1)
  a stone
(41, 9, D:1)
  2 stones
(42, 7, D:1)
  a stone
(44, 7, D:1)
  a stone
(45, 7, D:1)
  a stone
(51, -19, D:1)
  a +0 dagger
(52, 18, D:1)
  a +0 club
(54, -12, D:1)
  a cursed -1 club

Level 2 of the Dungeon
(0, 0, D:2)
  a +0 dagger
(3, 2, D:2)
  a +0 dagger
  a +0 ring mail
(5, -16, D:2)
  a +0 club
(11, 11, D:2)
  28 stones
(15, 3, D:2)
  a +0 dagger
(16, 3, D:2)
  3 javelins
(17, -21, D:2)
  a +0 dagger
(18, -7, D:2)
  21 sling bullets
(23, -22, D:2)
  a cursed +0 dagger
(24, -15, D:2)
  a +0 robe
(27, -23, D:2)
  a +0 hand axe
(27, 15, D:2)
  a +0 club
(28, -26, D:2)
  15 bolts
(28, 8, D:2)
  a +0 rapier
(30, -15, D:2)
  a +0 dagger
(34, -7, D:2)
  a +0 club
(34, -6, D:2)
  a +0 club
(34, -5, D:2)
  a +0 short sword
  a +2 animal skin
  a +0 helmet
(34, -4, D:2)
  a +0 dagger
(40, -9, D:2)
  a +0 club
(41, -10, D:2)
  a +0 dagger
(47, -4, D:2)
  a +0 dagger
(48, -11, D:2)
  6 curare-tipped needles

Level 3 of the Dungeon
(0, 0, D:3)
  a +0 mace
(6, -24, D:3)
  a +0 flail
(6, -11, D:3)
  a cursed -2 dagger
(7, -23, D:3)
  a +0 robe
  a +0 dagger
(9, -2, D:3)
  a +0 leather armour
  a +0 hand axe
(10, 0, D:3)
  a stone
(10, 2, D:3)
  a +0 club
(10, 4, D:3)
  a cursed +0 hand axe
(11, 4, D:3)
  2 stones
(13, -14, D:3)
  a +0 club
  a +0 ring mail
  a cursed -1 dagger
(14, -14, D:3)
  a +0 short sword
(15, -14, D:3)
  a +0 flail
(30, -5, D:3)
  a +0 scale mail
(44, -14, D:3)
  14 poisoned needles
  a +0 blowgun
(47, -20, D:3)
  a +0 mace
(47, -19, D:3)
  a +0 whip
(47, -18, D:3)
  a cursed -2 dagger
(47, -13, D:3)
  a cursed -2 club
(48, -24, D:3)
  a +0 club
(48, -2, D:3)
  a +0 club
(49, -1, D:3)
  a +0 dagger

Level 4 of the Dungeon
(5, -8, D:4)
  16 stones
(8, -11, D:4)
  a +0 ring mail
(34, -12, D:4)
  a cursed -2 robe
(35, 4, D:4)
  a +0 flail
(35, 6, D:4)
  9 stones
(42, -11, D:4)
  26 stones
(45, 8, D:4)
  a +0 helmet
(54, -18, D:4)
  a +0 club

Level 5 of the Dungeon
(0, 0, D:5)
  a +0 dagger of venom
  a +1 dagger of venom
(12, 0, D:5)
  a +0 dagger
(15, -43, D:5)
  a +0 club
(21, -52, D:5)
  a +0 giant club
(21, -44, D:5)
  a +0 mace
(22, -43, D:5)
  a +0 short sword
(23, -23, D:5)
  a +0 giant spiked club
(24, 0, D:5)
  a +0 long sword
(26, -52, D:5)
  a +0 ring mail
(29, -40, D:5)
  an arrow
(30, -40, D:5)
  2 arrows
(32, 3, D:5)
  a +0 spear
(33, -41, D:5)
  11 arrows
  a +0 shortbow
(35, -30, D:5)
  2 stones
(37, -28, D:5)
  a stone
(37, -26, D:5)
  a stone
(37, -22, D:5)
  a stone
(38, -26, D:5)
  a stone
(39, -24, D:5)
  a +0 robe
  a +0 dagger
(39, -23, D:5)
  a stone
(42, -40, D:5)
  a +0 robe
(44, -18, D:5)
  a stone
(49, -14, D:5)
  a +0 giant spiked club
(49, -10, D:5)
  a +0 giant club
(55, -46, D:5)
  a +0 robe
  a +0 dagger
(64, -18, D:5)
  a cursed +0 giant spiked club
(65, -32, D:5)
  a +0 trident

Level 6 of the Dungeon
(0, 0, D:6)
  a potion of curing
(8, 10, D:6)
  a +0 spear
(9, -24, D:6)
  27 stones
(11, -26, D:6)
  a scroll of immolation
  a +0 mace
(11, 0, D:6)
  a cursed +0 flail
(15, -24, D:6)
  19 stones
(15, -23, D:6)
  an arrow
(18, -25, D:6)
  3 arrows
  a +0 shortbow
(19, -24, D:6)
  a +0 ring mail
  a +0 club
(21, 12, D:6)
  a +0 club
(22, -5, D:6)
  a +0 club
(22, -4, D:6)
  a cursed -3 club
(24, -24, D:6)
  an arrow
(24, -21, D:6)
  an arrow
(24, -4, D:6)
  a cursed -3 club
(24, 2, D:6)
  23 stones
  a +0 hunting sling
(24, 12, D:6)
  a +0 shortbow
  14 arrows
(26, -11, D:6)
  a +0 robe
  a +0 dagger
  a +0 chain mail
  a +0 whip
(26, -5, D:6)
  2 tomahawks of returning
  a +0 club
(26, -4, D:6)
  12 stones
  a +0 hunting sling
(27, -25, D:6)
  an arrow
(27, -20, D:6)
  2 arrows
(27, -19, D:6)
  an arrow
(27, 1, D:6)
  a cursed -2 club
(27, 12, D:6)
  a cursed -1 whip
(28, -25, D:6)
  3 arrows
(28, -23, D:6)
  an arrow
(28, -4, D:6)
  a +0 hunting sling
  9 sling bullets
(28, -3, D:6)
  a +0 robe
  a +0 club
(28, 3, D:6)
  2 stones
(28, 4, D:6)
  a stone
(28, 5, D:6)
  a +0 club
  a +0 club
  a +0 dagger
(28, 7, D:6)
  a +0 club
(28, 8, D:6)
  a +0 club
(28, 10, D:6)
  2 arrows
(29, 1, D:6)
  a stone
(29, 2, D:6)
  a +0 club
(29, 3, D:6)
  a +0 club
  a +0 club
(29, 4, D:6)
  a +0 club
(29, 5, D:6)
  4 stones
  a +0 club
(29, 6, D:6)
  a +0 short sword
(29, 8, D:6)
  a +0 club
  a +0 club
  a +0 club
(29, 10, D:6)
  an arrow
  a +0 club
(30, 3, D:6)
  4 stones
  a sling bullet
(30, 4, D:6)
  a bolt
(30, 5, D:6)
  15 stones
  a +0 hunting sling
  a +1 halberd of protection
(30, 6, D:6)
  a cursed -2 club
(30, 7, D:6)
  4 stones
  a +0 club
(30, 8, D:6)
  a +0 club
  a +0 spear
  a +0 club
  a +0 club
  a +0 club
(30, 9, D:6)
  an arrow
  27 stones
  a +0 hunting sling
(30, 12, D:6)
  15 stones
  a +0 hunting sling
(31, -15, D:6)
  a cursed -1 club
(31, -2, D:6)
  a sling bullet
(31, 1, D:6)
  a +0 spear
(31, 2, D:6)
  a stone
(31, 3, D:6)
  a +0 club
(31, 4, D:6)
  a +0 club
(31, 5, D:6)
  a +0 club
  a +0 spear
(31, 7, D:6)
  a stone
(31, 8, D:6)
  15 stones
  a +0 hunting sling
(31, 9, D:6)
  a +0 club
  a +0 club
  a +0 club
(32, -3, D:6)
  a sling bullet
(32, 1, D:6)
  12 stones
  a +0 hunting sling
(32, 2, D:6)
  2 stones
(32, 3, D:6)
  a bolt
  a +0 whip
  a +0 hand crossbow
(32, 10, D:6)
  23 stones
  a +0 hunting sling
  a +0 club
(33, 0, D:6)
  a stone
(33, 1, D:6)
  2 stones
(33, 3, D:6)
  a +0 hunting sling
(34, -4, D:6)
  21 stones
  a +0 hunting sling
(34, 0, D:6)
  a stone
(35, 0, D:6)
  a bolt
  a stone
(36, -5, D:6)
  a stone
(36, 0, D:6)
  a stone
  a cursed -3 short sword
(37, -5, D:6)
  a +0 giant club
(37, 0, D:6)
  a stone
(37, 3, D:6)
  23 sling bullets
  a +0 hunting sling
(38, 0, D:6)
  a bolt
  a +0 club
  a +0 giant club
(39, 0, D:6)
  4 bolts
  3 stones
(42, -5, D:6)
  a +0 club
(42, -3, D:6)
  a +0 club
  a +0 club
  a +0 club
(49, 14, D:6)
  a +0 club

the Ecumenical Temple

