     #####                                                        
     #...#                                                        
     #...#                                                        
     #...#                                                        
     #...#                                                        
  ####...#                                                        
  #......#                                                        
  #......+       #                                                
  #......#   ###.# # #.                                           
###.†..###   #...  #.#.                                           
#.....########.#####.#.############                               
#...........<..[...................                               
#....#+#######...###.#....#..#.##.#     #                         
##...†.......................#..#.#.........#                     
 #.#........†........##...#...#.#.##........#           ######    
 #............#.########...........+........#           #....###  
 #.##########.#...>......##.#.##.†##........     ########.##...#  
 ##         #.#............................      ...........>#.#  
         ####.##.######..###..#.#.##....#        ########.##.#.#  
        . ..#.##.#........##..#.........#####           #.##.#.#  
        .##.#....#.#####..###...............####        #.##.#.#  
        ..#.#.##.#.............................#        #....#.###
        #.#......########..###...PP..........#       #######.#...#
        #.#..#.#........##........P..).......#   #####....##.###.#
        #.#..#.##.#####.##...#.........#.....# # #...#.##.##.....#
        #.#..#.##...# #.##...#......####....##.###...#.##.##.#####
        #....#.####.###.###....(.##..###.#+##..#.......##†##.#    
    #######.##...............................................#    
    #...# #.#######.###+###...#..###.####..##.##.#############    
    #.#.###.#   #........##...#...      #..#.....#                
    #.#.....#   #........##...#.#.#     ##.#.....#                
    #.##..#######........##.....#        #.......#                
    #.##........#....<....#.....#        #.......#                
    #..+.....)..#.........#.##..#        #.......#                
    ####.....§.§#...........#..>#        #.......#                
     #.......§§.#........######.#        #+..#####                
     #(.....§P§.§........######.##       .....                    
     #..#...§.§≈≈...####.........#      #......                   
    .........§§§§≈..#  #.........#     ........#                  
    .######..§≈§§≈≈.####.........##   ##........                  
    ).........≈.≈≈.....#..........#    #........#                 
     ######.#.......##.#........#.##   ##....8..#                 
          #.####....#  #.(......#..#                              
          #.#######.#  +........##.###                            
          #..<#   #.#  #....>...#....#                            
          ###<#   #..   .########.#..#                            
            #.#   ###.   ########.#..#                            
            #.#      ..  .....oo).#..#                            
            #.#       .# ##########..#                            
            #.#                    #.#                            
            #.#                     .#                            
         #....#                                                   
         #.####                                                   
         #                                                        
