ok

Level 1 of the Dungeon
(0, 0, D:1)
  a +0 mace
(2, 8, D:1)
  11 stones
(2, 11, D:1)
  24 stones
(5, -1, D:1)
  33 stones
(8, -4, D:1)
  a cursed +0 dagger
(10, 17, D:1)
  a +0 whip
(19, -13, D:1)
  a +0 short sword
(21, 6, D:1)
  a +0 leather armour
(22, -20, D:1)
  a +0 whip
(27, -11, D:1)
  a +0 dagger
(30, -27, D:1)
  a +0 club
(41, -25, D:1)
  24 bolts
(42, 19, D:1)
  a +0 short sword

Level 2 of the Dungeon
(0, 0, D:2)
  a +0 ring mail
(3, 2, D:2)
  a bat skeleton
(5, 33, D:2)
  a +0 leather armour
(6, 33, D:2)
  a wand of acid (6)
(7, 7, D:2)
  21 poisoned needles
(9, 29, D:2)
  a +0 club
(10, 33, D:2)
  a scroll of immolation
(11, 29, D:2)
  7 gold pieces
(12, 31, D:2)
  a potion of heal wounds
(15, -3, D:2)
  23 stones
(16, -1, D:2)
  a bat corpse
(20, -13, D:2)
  13 sling bullets
(20, 32, D:2)
  a +0 short sword
(21, 9, D:2)
  a +0 dagger
  a stone
  a goblin corpse (skeletalised by now)
(22, 11, D:2)
  a stone
(22, 12, D:2)
  a stone
(24, -16, D:2)
  a hobgoblin skeleton
(26, -6, D:2)
  a +0 short sword
(27, 7, D:2)
  a giant cockroach corpse
(30, -3, D:2)
  21 stones
(37, -1, D:2)
  a kobold corpse
(42, 11, D:2)
  a +0 short sword
  a kobold corpse (skeletalised by now)

