quit

Level 1 of the Dungeon
(0, 0, D:1)
  a +0 dagger
(5, 21, D:1)
  a stone
(6, 16, D:1)
  a +0 club
  a +0 dagger
(6, 17, D:1)
  a stone
(6, 18, D:1)
  a stone
(6, 19, D:1)
  a stone
(9, 5, D:1)
  a stone
(9, 28, D:1)
  a +0 dagger
(14, 5, D:1)
  a +0 whip
(14, 26, D:1)
  a +0 whip
(18, 45, D:1)
  a +0 leather armour
(20, 32, D:1)
  a +0 club
(20, 40, D:1)
  23 stones
(32, 38, D:1)
  a +0 club
(39, 39, D:1)
  a +0 robe

Level 2 of the Dungeon
(0, 0, D:2)
  a +0 club
(2, -10, D:2)
  32 stones
(5, 16, D:2)
  a +0 whip
(12, -10, D:2)
  2 stones
(13, 12, D:2)
  21 stones
(13, 34, D:2)
  20 stones
(15, -4, D:2)
  a stone
(19, 27, D:2)
  a +0 short sword
(20, -3, D:2)
  a +0 naga barding
(20, 24, D:2)
  19 stones
(21, 9, D:2)
  a +0 club
(34, -6, D:2)
  a stone
(34, -2, D:2)
  a +0 whip
(35, 0, D:2)
  22 stones
(60, 17, D:2)
  a cursed +0 ring mail

Level 3 of the Dungeon
(0, 0, D:3)
  a +0 quarterstaff
(5, -23, D:3)
  20 stones
(6, -33, D:3)
  a +0 dagger
(7, 15, D:3)
  a +0 flail
  a cursed +0 scale mail
(14, -36, D:3)
  a +0 club
  a +0 chain mail
(15, -37, D:3)
  a +0 dagger
  a +0 robe
(17, -5, D:3)
  a +0 dagger
(18, -37, D:3)
  a +0 flail
(19, -4, D:3)
  14 poisoned needles
(20, 2, D:3)
  a +0 dagger
  a +0 blowgun
  5 curare-tipped needles
(23, 1, D:3)
  a +0 short sword
  17 stones
(24, 4, D:3)
  17 bolts
(25, 16, D:3)
  a +0 flail
(28, 4, D:3)
  14 stones
(33, 7, D:3)
  a +0 quarterstaff
(37, -4, D:3)
  a +0 mace
(38, -17, D:3)
  a +0 shortbow
(42, -13, D:3)
  a +0 spear
(46, -22, D:3)
  20 stones
(54, -15, D:3)
  11 poisoned needles
(56, -31, D:3)
  a +4 quarterstaff of chaos
(58, -32, D:3)
  a +0 mace

Level 4 of the Dungeon
(9, -25, D:4)
  a +0 leather armour
(10, -7, D:4)
  22 arrows
(11, -32, D:4)
  a +0 club
  a +0 leather armour
(14, -16, D:4)
  a +0 chain mail
(18, -22, D:4)
  18 stones
(31, -9, D:4)
  21 stones
(42, -10, D:4)
  a howler monkey skeleton
(45, -17, D:4)
  a +0 club
(47, -9, D:4)
  a +0 dagger
(49, -15, D:4)
  a +0 war axe
(52, -21, D:4)
  a +0 scythe

