                                                           ###        
                                                         ###.###      
                                                         #.....#      
                                                         #.#.###      
                                                         #.#.#        
                                                         #.#.#        
                                                         #.#.#        
                                                         #.#.#        
                                                         #.#.#        
                                                         #.#.#        
             ########                                    #.#.#        
       #######......#                                    #.#.#        
       #.......##...##                                   #.#.#        
 #######.####..#8...8#                                   #.#.#        
 #.....#....#..##%..####                                 #.#.#        
 #.###.........##...##.#                                 #.#.#        
 #.#####.###...##...##.###################################.#.#        
 #...........>.#8...8#........)..((.........................>#        
 #..####.########...########.###############.#############.###        
 #..#  #.#8###8##...##8###8#.#             #.#   #########.###        
 #..####.....................#        ######.#   #...........#        
 #..##.#.....................#        #......#   #...........#        
##..##.#.....................#        #......#   #...........#        
#......#.#8###8###}###8###8###        #......#   #...........#        
###.##.#[####### ####### ###        ###......#   #...........##       
  #....#.....# #####.#.###.##       #........#   #########.#..#       
  ############ #............#       #.###.##.#           #.#..#       
              ##............#########.###.##.#           #.#..########
        #######.............#...........#%##.#           #.#.........#
        ....................#...........#.##.#           #.#....####.#
        ....................#...#..#..#.#'##.#           #.#..#.#     
        .......S.#####)####.#........00.'....#           #.#..#.#     
        #######K##   #)#    #<.......08.####.#           ..#..#.#     
              #.######%###  #........~0.+....#          #######.#     
        .................#  #...#..#.0#.#+##.#          ........#     
        ########.........#  #...........#%#..#          ######..#     
               #..g......#  #...........#'#.##            ####..#     
               #.........##.#########.###...##########    #.....#     
               #.....................................#    #.###.#     
               #.........########..#.#.#############.######.....#     
               #.........######.%.>..#..........).#.........#####     
               .................##.###..#########.#..######.#         
               .#...............##.# #..#............#    #.#         
                ##...####.......##.# #..#.#.......#.##    #.#         
                 #...   #.......##.# #..#.#.###.#.#.#     #.#         
                 #...  .........##.# #..#.#.# #.#...#     #.#         
                 #..  ..........##.# #..#.#.# #.#####     #.#         
                     ...........##.# #))#.#.# #..          .#         
                     ...........##.# #..#.#.# ###                     
                         ##.###. #.# #..#.#.#                         
                                 #.# #..#.#.#                         
                                 #[# #..#.#                           
                                 #.# #..#.#                           
                                 #.###....#                           
                                 #.....####                           
                                 #######                              
