                                 ####          #######           
                             #####..############.....#####       
                            .............................        
                            #####.....#####............#      #  
                             #######..#####............#   ##oo  
                             .....................S....###..o..  
                              ######.#####..W.)........#.......  
                                   #.##  ##<....)....#.........  
                                  ##..#   ##........###........  
                                 ##...#    ##.......# #.......#  
                                 #....#     ##.....## #......##  
                                 ###..#      ##..###  #.....##   
                                   #..####    ####    ..#..##    
                                   #(....######       ####..     
                                  ##...>.......           ...    
                                ###.......#####                  
                               ##.§§......#                      
                              ##..#.W.#.###                      
                              #..##...#.#                        
                 .# #####.#   #.###.....#                        
          ....# ...##.....#   #.###.....#                        
          .....##.........#   #.#.......#                        
          .....#..........#   #............                      
          ................#   #............                      
        ................#.#  ##.#..........                      
        .....†..........#.####.............                      
        .............o.o{.......####.....##                      
        .....)..?.......#.#####.#   #....#                       
       .$.............###.#   #.#    ....#                       
      ...............## #.#   #.#     ..                         
     ......#........##  #.#   #.#                                
     ..............##   #.#   #.#                                
     .........#...##    #.#   #.#                                
     ..........#.##     #.#   #.#                                
     ............#      #.#   #.#                                
     ............#      #.#   #.#                                
     .....(......#      #.#   #.#                                
     .......)....#      #.#   #.#                                
    ........†....#      #.#   #.#                                
   ..............#      #.#   #.#                                
   .........)....#      #.#   #.#               ..  .......      
   ..............####   #.#   #.#               >. .........     
   ..................## #.#   #.#                .#..........    
   #........÷.)........##.#####.#######.         ..#.........    
   #.............P..P...................          .†.........    
   .....................#.#####.########          #..........    
   ............P......P...#   #.#                 #..........    
   ######.##..............#   #.#                ##.........#### 
        ###...............#   #.#              ###...#...>.....##
        ##.....P......P...#   #.#             ##....#............
       ##.................#   #.#            ##...####...........
      ##....#....P..P....##   #.#          ###...## #............
     ##...###.............## ##.#         ##.....#  #.(..........
   ###...## #...#.......##.###..#        ##.<....## #....o.).....
  ##....##  #...##....#...#.##.##      ###........# #...(###....#
 ##...###   ##..#########...<..#      ##..........# #(...#    ..#
##...##      #..#       ###....########...#.......# #....#      .
#...##       #..#         ####..##................###....#       
#.###        #..#            #....................##....##       
###          #)##            #..)).............#####....#        
             #.#             #...<...............###....#        
             ..              #..........................#        
                             ##.###################[#.###        
                              ###                 #####          
