                                                 #############
                                                 #.....%.....#
                                                 #.#########.#
                    #############                #.#       #.#
                    #...........###########      #.#       #.#
                    #.#########.#.........#      #.#       #.#
                    #.#       #.#.#######.########.######  #.#
      ###########   #.#       #.#.#    #..........#hro..#  #.#
      #.........#   #.#  ######.#.#    #.#########.####.####.#
      #.#.....#.#   #(#  #.....#..#    #.#       #...........#
      #.#.###.#.#   #.#  #.####(###    #.#       ######.######
      #.#.# #.#.#   #.#  #.#  #.#      #.#            #.#     
      #.#.# #.#.#   #.#  #.#  #.#      #.#            #.#     
      #.#.# #.#.#####.####.####.#      #.#     ########.#     
      #.#.# #..................#########.#######........#     
      #.#.####...###############.......#.'.....##########     
      #.#......#............#  #.#####'#######.#              
      #.######...####.#.###.#  #.#(.........(#.#              
#######.........### #.#.# #.#  #.###########.#.#              
#........####.....# #.#.# #.####)#...'.......#.#              
#.######.###.#.##.###.#.###.#..#.#.#.#.#######.#              
#.#    #....###................#...#.#....(#(..########       
#.#    #####.#.................#####.########.##......######  
#.#        ##.#.#####.########.#...............#......>....#  
#.#         #.#.#   #.#      #.#.#####'.'#####.######.####.#  
#.#         #.#.#   #.#      #.#......#.#<.....#    #.###).###
#.#         #.#.#####.#      #.#################    #.##PP.PP#
#.#         #.......#.#      #.#      ##.##         #.##P...P#
#.#        ##.#.###.#.#      #.#      #...#         #.#.P...P#
#.#        #...## #.#.#      #.#      #...#         #.#.P...P#
#.#        #.#.#  #.#.#      #.#      #...#         #.#.P.PPP#
#.###      #...#  #.#.#      #.#      ###.#         #.#...####
#...#      ##.##  #.#.#      #(#########..###       #.#.###   
###.#       #.#   #.#.##     #.#............#       #....#    
  #.#       #.#   #....###   #.#.#######.##.#       ###..#    
  #.#       #.#   #..#...#   #.#.#     #.##.###########..#    
  #.#  ######.#####....#.#####.#.#     #.#...............#    
  #.####...##..................#.#######.#..##########...#    
  #)...............>...........>.#................(......###  
  ######....######.#####.######..#.##.......######.........#  
       ##.#.#    #.#   #.#    #..#.##.##.##.#    #.###...#.#  
        #.#.#    #.#   #.#    #..#.##.##.##.#    #.##....#.#  
        #.#.#    #.#   #.#    #..........##.#    #.##.#..#.## 
        #.#.#    #.#   #.#    #.............#    #....#.....# 
        #.#.######.#   #.######..#.##.#########  #..#####...# 
        #.#........#   #......................#  #....#.....# 
        #.##########   ########..#.##.#######.#  #..#.#.##..# 
        #......################.........#   #.#  #..........# 
        ######.....(.............#.##.#.#   #)#  ##(##..###.# 
             #####################.##.#.#  ##.#####.##..# #.# 
                                 #.##.#.#  #............# #.# 
                                 #.##.#.#  #..###.....#.###.# 
                                 #.##.#.####................# 
                                 #.##........####.....#.##### 
                                ##.######..%.[(%......#.#     
                                #.#.....................#     
                                ##.######################     
                                 ###                          
