             #                
           #########          
           #2#_....###########
          ########.##......>..
       ####..# ##..###.#######
       #..'..###'.............
       #.##....(#####...######
       #.#..............#     
       #.#....#.........#     
       #.#.#..#.###..#..#     
########.#.#<.....#.##..#     
#........#...<#.#.#.....#     
#....)...######...#####.#     
#........>..........   ..     
#.........########....  ..    
#............#    ....        
########.....#     ...        
       #.....#      +#..      
       #...#######  .#..      
     ####<........  ...       
     +.....#########.#        
     ###...####......#        
       +...'.(c......#        
       #...####......#        
       #...#  #....(.####     
       #...#  #..(.......     
       #...#  #....?#....     
       #...#  #c....# ...     
       ##... .......#         
        #.. .c....###         
          ........#           
          ........#           
          ........#           
