            ). .# ...#             
            #.#.. $..              
          .. ..#. ...              
          #..#...#..  #            
           #.. ..#.##.#            
            #.##.....              
          ###..#...#     .         
          .........##  ...         
         .####......##....         
      ..#...%##.)<...#....         
#######.#.##....).........         
#.........#####..g........         
#...........###(...#......         
#................%..#....)         
#......<....###...........         
#...........# #g)).##.....         
#...!..<....###.g..##........      
#.gg....#.......##..>.......##.#   
#.gg.g..# ............ ......#.#   
gg.gg...# .>.........####.g..#.### 
.gg.....# ####.................... 
#.#######    ..................#  #
#              #..#..#.........##..
                #.........(....(...
                ##....#####.....!..
                 #.....## #........
               ###......# #%..#....
               #.g......# ##..# ...
              ##.#g###..#   ..#  ..
              #....#  ###   ..#    
              #...##        ###    
              #..g#                
              #...#                
              #.g.#                
              #.<.#                
              #####                
