          ############  ############                          
          #..<.......#  #..........#                .........#
          #..........#  #..........#               ..........#
          #..........#  #..........#              ...../.....#
          #..........####..........#              ...........#
          #..........#..').........#              ......?....#
          #..........#.##%.........#              .........?.#
          #............##..........#              ...........#
          #..........####..........###            ...........#
          #..........#  #..........'.#            .....<.....#
          #..........#  #.......>..###            %..........#
          #..........#  #..........#              <..........#
          ########>###  ######8...8#              #######'####
                 #..#        ###'###                    #.#   
              #####.###     ##..)..#  ##########        #u#   
 ########     #.......#    #.#.))..#  #........#  #######.### 
 #.(....#     #.......###  #.#.._..#  #........#  #.........# 
 #......#     #.........#  #.#.....#  #........#  #.........# 
 #......#     #.......#.#  #.#.....#  #......<.#  #.........# 
 #......#   ###.......#.####.##########........####.........# 
 #......#   #.........#....#......#...#........'.##.........# 
 #......#####.#.......####........###.'........#.##.........# 
 #......'.....#.......#  ###......# ###........#............# 
 #.)....##########.####    #......#   #........####.........# 
 #......#       ##.#       ###.####   ###'######  #.........# 
 ###'####       #..#         #.#     ##...#       ###>####### 
   #.#          #.##         #.#     #..###         #.#       
   #.##     #####'###        #.#    ##'#######     ##.#       
   #..##    #.......#        #.#    #........#     #..#       
   ##..#    #..>....#        #.#    #........#   ###'#########
    ##(#    #.......#        #.#    #........#   #...........#
     #.#    #.......####     #.#    #........#   #...........#
     #.#    #.......+..###   #.#    #........#####...........#
     #.#    #.......##...#  ##.#    #........#...'...........#
     #.#    #.......####.## #..#    #.....>..'.###...........#
     #.#    #.......#  #..###.#######........### #...........#
     #.#    #.......#  ##...........+........#   #...........#
     #)#    #.......#   #####.#######........#   ########'####
     #.#    ###..####       #.#     #######'##         #..#   
     #.#      ##.###        #.#           #.#        ###.##   
     #.##   ###....#        #.#           #.#      ###...#    
     #..#  ##....[.#        #.#           #.#      #...###    
 ######'####..#....#   ######.######    ###'###  ###'######## 
#........#...##....### #...........#    #.....####..........# 
#........#.####......###...........######.....##.'..........# 
#........#.#  #)...#..##....[......#....'.....'..#..........# 
#........#.#  #....##.##.............####....}####..........# 
#........'.#  #....##.))...........###  #.....#  #..........# 
#........###  #....#####...........#    #.....#  #..........# 
##########    #....#   #############    #######  ############ 
              #....#                                          
              ######                                          
