                            ###############                 
                            #.............#                 
                            #.###########.#                 
                            #.#         #.#                 
#########                   #.#         #.#                 
#.......#                   #.#         #.#                 
#.......#              ######.###########.#                 
#.......###            #..........[.......#                 
#.........##############.###.##############                 
###................[.....@...............                   
  #........#############.###.#.##.##.###                    
  #..........#   #######@# #.#.##.# .#                      
  ##.#####.#.#   #.......# #.#.##.##.#                      
   #.#   #.#.#   #.####### #.#.##....##                     
   #.#   #.#.#   #.#       #.#........###                   
   #.#   #.#.#   #.#       #.###..........                  
   #.# ###.#.#####.#       #......###.####                  
   #)###...#.......####    #####..###.#                     
   #>)................#        #......#    #############    
   #.#.......########.##########...#########...........#    
   #.#######.#  #.............(.....[....).).#########.#    
   #.).....#.####.###..##########...######.#.#       #.#    
   ######)......#.# ##........# #...#    #.#.#       #.#    
        #.........#  #[.......# #...###  #.#)#########.#####
        #.......###  #........###.....#  #.................#
        #.......#    ##+#...)..##(.##.#  ###.###<.##.#####.#
        ##.######     #.....)).##....)#    ### #..##.#   #.#
         #.########## ##......)##..####        #.....#####.#
         #.#.[......#  #............##       ###.###.....#.#
         #.#..(....>#  ##...)........#       #...# #.###.#.#
        ##.'........#   #............#     ###.### #.......#
        #.##........##  #...)........####  #.#.#########.###
        #............#  #...............## #.........# #<#  
        #..#.........#  #.......)...<....# #.#.#####.# ###  
        #.S#....'###.####...#####........###.#.#   #.#      
        #..#...#.###.....................##..#(#   #.#      
        #..#####...######.#..####.######..#....#   #.#      
        #.(#   #.....yy.#.#..................###   #.#      
       #.@.....#.#..## .#.#.......#######.#.###### #.#      
       #.#.###.#.#@yS##.#......##)#.......#......# #.#      
      @..#..   #...#Sy#.####...##.#.#######.####.# #.#      
     ... ##.   ######.#.#  #............# #.#.##.# #.#      
   .....   ....#######S.#####...#.#.###.#####.##.# #.###    
   ....    ##.).....yyS.....#............#....##.# #...#    
   ?...     #.###############...#.............##.# #.#.#    
                          ......#.#...#....#..##.# #.#.#    
                          #####..(########.#..##.# ###.#    
                              #.#.............##.#   #.#    
                              #.....#.####.##....#   #.#    
                            ####...##.#######.####   #.#    
                           ......>....#.....#.#      #.#    
                           ##########.#.###.##########.#    
                                    #.#.# #............#    
                               ######.#.# ##############    
                               #......#.#                   
                               #.######.#                   
                               #.#    #.#                   
                               #.######.#                   
                               #.##.....#                   
                               #.##.###.#                   
                               #)##.# #.#                   
                               #.##.# ###                   
                               #....#                       
                               ####.#                       
                                  ###                       
