                                          ##             
                                          ..             
                                          #.             
                                           .##           
                                           ...           
                                           #.#           
                                           #.#           
                                          ##.#           
                                  ##.######..####.#      
                                  .........#......#      
                                   ..####.###.##..#     #
                                      #..## ##...##   #.#
                                     ##.#.###.####    ..#
                             .#      #.....#..########.# 
                              .##    #..###........(...# 
                              ..#    #..# ###.####(...#  
                              ..#    #..#   #......%..#  
                #.            #o#    #..#   ######....#  
             ####.# ###   ### #.######..##       ##.#.#  
              ..#.# #.## ##.# #)##.......#        #.#.#  
              #.#.###..# #..###o##.###..##        #)#.#  
#######       #.#..##..###..##..##.# #.##         #.#.#  
#..8..#       #.....##..#.o##..###.# #.#         ##.#.#  
#.8_8.#       #..>#.......o.og## #.# #.#         #....#  
#..8..#       #........########  #.###.#         #..###  
#~~.~~#       #...####.#         #....%#         #..#    
#)~.~)#       #...####.###########..##.##        #..#    
#~~.~~#########.........................#        #..#    
#..................#....#  #.#####..##.###########..#    
#........#######..)....### #........##.<............#    
#.....##.#     #..###....# #........##..##########.##    
#.....##.#######..###.##.# #........##..######## #.#     
#.....##..............##.# #...........%.......# ###     
##...........######....#.# #............######.#         
 ##...######)#    #.##.#.# #..%.....#####    #.#         
  #####    #.#    #.##.#.# #.....(<.#        #.#         
           #.#    #.##.#># #.###.####        #.#         
           #.######.##.#.# #.# #.#           #.#         
           #........##.#.# #.# #.#      ######0##        
           ###########.#.###.###.####   #....>.~####+#   
                     #)#..(.........#####.####.~0~~~.0   
                     #.#####.###.##(......####...0...#   
                     #.#   #.###.####......<...#######   
                     #.#####..........##########         
                     #......####.######                  
                     ######......#                       
                          ########                       
