        #####                                                 
        #.hs#                                                 
      ###†#.#                                                 
#.#####.#.#.###h.##                                           
#....>.........h...                                           
#####.#...#....s...                                           
 ####.#.#######.##.       #..                                 
.........#....#.#         #.#               ..                
#####.##.....##.#         #.#      ##     ##.    ##           
   ##.#..#.#..#.# #########.+    .....    ...   ...           
   ........#..#.# #.........#    ....#    #.#  ...            
   ##.#.......#.# #.........##+##......####.###.#.#           
   ...###.##.##.###..................#.#........#.#           
  ##..............'................................           
   # ##.#.#...#.###..................#.#.#...#.#.#.     #.#   
      #.#...#.#.# ######...........# #.......#.#.#.##   #.#   
      # ##..#.#.#      #######'##.## ###.#.......#..#   #.#   
         #....#.#            #)##.#    #.....†.####.#####.#   
         ##.###.#            #[...#    ###..##............#   
          #.  ..#            ####.#      #..##.#####)###..####
          ##  ###               #.#     ##..##+#.......#.....#
                            #####'#######........#+#...##.##.#
                            #......†....')..........#........#
                            #......######...........##.##.####
                            #......#  #......###.......##.##  
                            #......#  #.##...###†...##.#...#  
                         ####......####.............##.....#  
                         #....................####+####>...#  
                         #....................# ##.........#  
                         #........)...........# #.#####.#..#  
                         #..........÷.......#.# #.#  #.....#  
                         #......(..#####....#.# #.#  #.#..##  
                         #.........#...#..[.#.# #.#  #.#..##  
                         #.......###.8.###..#.# #.#  #.##..#  
                         #######÷#.......#....###.#  #..(.>#  
                               #.+.8.<.8.'...#....#  #######  
                               #.#.......#...#.####           
                               #.###.8.###...#.#              
                               #...#...#.......#              
                               #..(#####....####              
                               #............#                 
                               #............#                 
                               ##############                 
