innerpeace

Level 1 of the Dungeon
(0, 0, D:1)
  19 arrows
(6, -11, D:1)
  a +0 dagger
(10, -15, D:1)
  a +0 ring mail
(10, 3, D:1)
  18 poisoned needles
(17, 12, D:1)
  a +0 pair of boots
(20, -21, D:1)
  a +0 club
(21, -8, D:1)
  a +0 dagger
(24, 6, D:1)
  a +0 leather armour
(29, -2, D:1)
  a +0 mace
(30, -21, D:1)
  16 stones
(31, 2, D:1)
  13 stones
(37, 3, D:1)
  a +0 mace
(41, 6, D:1)
  a stone
(47, -13, D:1)
  a +0 club
(47, -8, D:1)
  a +0 dagger
(47, 9, D:1)
  21 stones
(48, 11, D:1)
  a +0 whip
  4 stones
(50, 10, D:1)
  13 poisoned needles

Level 2 of the Dungeon
(19, -22, D:2)
  a +0 chain mail
(22, 17, D:2)
  a cursed -1 whip
(23, -10, D:2)
  a +0 dagger
(23, -2, D:2)
  a +0 morningstar
(25, -17, D:2)
  8 stones
(33, 28, D:2)
  a +0 short sword
(34, 9, D:2)
  a +0 leather armour
  a +0 mace
(35, 20, D:2)
  29 arrows
(37, 7, D:2)
  a +0 ring mail
  a +0 whip
(38, 14, D:2)
  a +0 club
(41, 0, D:2)
  a +0 ring mail
(42, -11, D:2)
  a +0 club
(42, 2, D:2)
  a +0 club
(47, -17, D:2)
  a +0 dagger
(50, -5, D:2)
  8 stones
(51, -5, D:2)
  16 stones
(58, -15, D:2)
  33 sling bullets

Level 3 of the Dungeon
(0, 0, D:3)
  a +0 dagger
(2, -2, D:3)
  a +0 club
(2, 4, D:3)
  a +0 halberd
(3, 13, D:3)
  a +0 club
(6, -10, D:3)
  a +0 whip
(7, -21, D:3)
  a +0 club
(13, -13, D:3)
  a +0 dagger
(15, -2, D:3)
  a cursed +0 robe
(17, -18, D:3)
  a +0 quarterstaff
(17, -9, D:3)
  2 tomahawks
(24, -29, D:3)
  a cursed +0 plate armour
(26, -24, D:3)
  a cursed -1 club
(29, -3, D:3)
  2 tomahawks
(34, -6, D:3)
  a tomahawk
(34, 17, D:3)
  a +0 scale mail
(45, 9, D:3)
  a +0 dagger
(48, 8, D:3)
  a +0 dagger
(48, 17, D:3)
  a +0 club
(55, 9, D:3)
  2 large rocks
(62, -9, D:3)
  a +0 whip
(62, 0, D:3)
  a +0 spear
  a +0 ring mail
(63, 11, D:3)
  a stone
(64, -1, D:3)
  2 steel tomahawks
(65, -18, D:3)
  a +0 ring mail
(65, 12, D:3)
  a +0 club
  a +0 hunting sling
  11 stones

Level 4 of the Dungeon
(6, 29, D:4)
  a +0 short sword
  a +0 chain mail
(8, 29, D:4)
  a +0 hand axe
  a +0 leather armour
  a +0 hand axe
(9, 29, D:4)
  a +0 leather armour
(15, 11, D:4)
  12 poisoned needles
(32, 35, D:4)
  a cursed -2 hunting sling
(41, 35, D:4)
  a +0 whip
(42, 34, D:4)
  a cursed -3 flail
(47, -11, D:4)
  a +0 dagger
  a +0 robe
(51, 2, D:4)
  a +0 robe
(52, 25, D:4)
  a +0 falchion
(57, 43, D:4)
  a +0 club

Level 5 of the Dungeon
(0, 0, D:5)
  a +0 flail
(4, 2, D:5)
  a +0 dagger
  a +0 robe
  a +0 dagger
  a +0 robe
(4, 4, D:5)
  a cursed +0 ring mail
  a +0 hand axe
(5, 2, D:5)
  a +0 dagger
(5, 3, D:5)
  a +0 club
  a +0 leather armour
(5, 4, D:5)
  a +0 dagger
  a +0 robe
  a +0 flail
  a +0 leather armour
(5, 10, D:5)
  a +0 giant spiked club
(6, -2, D:5)
  a cursed -1 ring mail
  a +0 club
(9, -10, D:5)
  12 bolts
(10, -10, D:5)
  26 stones
(12, -23, D:5)
  a +0 giant spiked club
(30, 0, D:5)
  3 arrows
(30, 4, D:5)
  21 arrows
(32, -6, D:5)
  a +0 dagger
(34, -4, D:5)
  a +0 giant club
(35, -28, D:5)
  a +0 scale mail
  a +0 hand axe
(35, -27, D:5)
  a +0 hand axe
(35, -23, D:5)
  17 sling bullets
(35, -12, D:5)
  a +0 scale mail
(35, -7, D:5)
  19 stones
  an arrow
  a +0 shortbow
(36, -28, D:5)
  a +0 giant spiked club
(38, 21, D:5)
  25 stones

Level 6 of the Dungeon
(0, 0, D:6)
  13 gold pieces
(2, 8, D:6)
  14 bolts
(4, 9, D:6)
  a +0 club
(4, 12, D:6)
  a +0 dagger
  a +0 robe
(5, -3, D:6)
  an orc corpse
(5, -1, D:6)
  a +0 flail
  (unseen)
(6, 15, D:6)
  a +0 bardiche
(6, 31, D:6)
  a +0 spear
(8, -1, D:6)
  a scroll of teleportation
(24, 31, D:6)
  a +0 dagger
(25, 31, D:6)
  a +0 flail
(28, -15, D:6)
  23 arrows
(38, -22, D:6)
  a +0 trident
(40, -21, D:6)
  a +0 mace
  (unseen)
(43, 34, D:6)
  a +0 leather armour
(45, 27, D:6)
  a tomahawk (still there?)
  an arrow (still there?)
(46, 24, D:6)
  an arrow
(48, 26, D:6)
  a tomahawk
(49, 25, D:6)
  a tomahawk
  2 arrows
(51, 25, D:6)
  a +0 shortbow
  (unseen)

the Ecumenical Temple

