                                                 ####        
               #####                        ######..#######  
      ##########...#                       ##...#....##...## 
      #............#                       #..##..##....⌠..# 
      #............#                 ##### #..###.####.....# 
      #.....Kg.....###              ##...###.## ##'####...## 
      #.....gKg......####           #..#..#.##   ##'#######  
      #....###...#......###         #..##...#   ##......#    
      #..K.# #...#........##        ##..#####  ##..##...##   
      #....# #...#.........##       ###..##    #...###...#   
      #....# #...#..........#      ##.....## ###..#####..#   
      #...K###...#..........##    ##.......###...#.##...##   
      #......#...#...........##+###...###...###..#.#.....#   
      #.....K#...#..............#....## ##..#..#..##..<..#   
      ####...#...............#....#..## ##...###.####...##   
        #......#............###+###...###.....#..#  #####    
  ..#####......#............#     ##.......#....##           
  .........................##      ##.....###.###            
  g............#..........##        ##..### ##'##    ###     
  .........)...###......###         ####.#   ##'#    #.##### 
  .............# #...####           #....#####..######.#...##
  .............###.###              #...###.##...#.......⌠..#
  ...####.........K#                ##...###..##....###.....#
  ... .............#                 ###....####.##.# ##...##
  .#  .....##......#                   ##..##  ######  ##### 
     #..... #.....K###############      ####                 
     ..#.......###.......)........                           
       ........##.....####.......#                           
        .......##.....#......#...#                           
        ....... #.............# ..                           
        .....................##                              
             .....##.......#>...                             
             ........##..........                            
             ##......##........#.                            
              ..........##..g..#                             
               #.###g#... ......                             
               ..    .... .#.##.                             
                     #...   +#                               
