ok

Level 1 of the Dungeon
(0, 0, D:1)
  a +0 hunting sling
(3, 0, D:1)
  a +0 club
(7, -6, D:1)
  a stone
(7, 0, D:1)
  13 sling bullets
(18, 4, D:1)
  a +0 robe
(24, 37, D:1)
  a +0 dagger
(31, 18, D:1)
  a stone
(31, 19, D:1)
  a +0 club
(33, 0, D:1)
  a +0 club
  5 stones
(34, 15, D:1)
  a +0 club
  3 stones
(42, 21, D:1)
  a +0 hunting sling
(43, -6, D:1)
  a +0 plate armour
(47, 17, D:1)
  a +0 club
(48, 2, D:1)
  a +0 hunting sling
(49, 18, D:1)
  28 stones
(53, 18, D:1)
  21 sling bullets

Level 2 of the Dungeon
(0, 0, D:2)
  9 stones
(4, 46, D:2)
  a +0 short sword
  a +0 robe
(6, 25, D:2)
  19 stones
(6, 28, D:2)
  a cursed +0 robe
(8, 13, D:2)
  a +0 robe
(8, 51, D:2)
  a +0 mace
(18, 31, D:2)
  a stone
(18, 38, D:2)
  a +0 hunting sling
  a +0 club
  25 stones
(20, 23, D:2)
  a +0 ring mail
(21, 28, D:2)
  16 stones
(22, 40, D:2)
  a +0 ring mail
(23, 22, D:2)
  a +0 whip
(25, 39, D:2)
  a +0 hand axe
(37, 26, D:2)
  13 stones

Level 3 of the Dungeon
(0, 0, D:3)
  a +0 spear
  (unseen)
(4, 0, D:3)
  a cursed -2 spear
(11, 8, D:3)
  a +0 dagger
(17, 3, D:3)
  a +0 short sword
(21, 14, D:3)
  a +0 club
(25, 14, D:3)
  28 stones
(30, -7, D:3)
  a +0 hand axe
  (unseen)
(32, 9, D:3)
  5 curare-tipped needles
(34, 15, D:3)
  17 poisoned needles
(49, -11, D:3)
  a poisoned needle
(50, -12, D:3)
  2 poisoned needles
(50, -10, D:3)
  a hobgoblin corpse (skeletalised by now)
(50, -6, D:3)
  a +0 blowgun
  3 poisoned needles

