                    #####       
         ############...#       
         #....K.K(....#.#       
        ##K########.....#       
       ##...######K###.##       
      ##....K......# #(#    ##  
      #..........#.###(#   #.#  
      #......###)##...(####.#   
  #   #.#....###.###.......#    
  #.###.##.#.##...##.###K$##    
###.....##.#.#.......# #.##     
........##....#..?##.# #........
###.#....K..#.##.###.....#.#####
  #.....###...#### ###.###.#    
  #......####..##    #.#   #    
  #.##.#..###...#    # #        
  #.............#               
  # ............#               
   ##.........###               
    ##.0.....##                 
     #..~~~..#                  
     #.~~~~~.#                  
     #.~~%~0.#                  
     #.~0>~~.#                  
     #.~~?~~.#                  
     #.~~~~~.#                  
     #..~~~..#                  
     #.......#                  
     #.......#                  
     #.......#                  
     ##..<..##                  
      #######                   
