 ######.                                 
.#......#                                
........##        ..                     
>........#        ...                    
.........##    #..>..)           .       
..........     .......#####     ..       
.........# #####.......##..    ...       
........)#................#   ....       
.......<...#   #.>........## .....       
.#......####    #......##<.#.......#     
..........########.....#...b.......      
......#...##...##......oo#.........      
..##..##..#.......##............o..      
#.##....#........###.#.....######.##    #
....).........................  .o.    .#
 .†.###..#......(##.......#...# #.#   ..#
 ...  #..#...........#.##...#.# #.###...#
     ....#.......#........###.###.#.....#
    #..#.#.......#.#.##.### #....o..#    
   ....#................#   ###...###    
  .................######    ###g.#      
  ........#........###########....#      
 .....###....................#.#..#      
        #####................#.#..#      
          ................g....#..#      
         ..............o.o...###..#      
         <..##.......######### #..#      
         .## #...........#     #..#      
             ########..#.##    ####      
                    ##.#..#              
                     #.)#)#              
                     ##).(#              
                      #####              
