             ####################                        
             #............<.....# ############           
             #)################.# #...........           
             #.#          #####.###.##.####.#            
             #.#      #####..........#.#                 
             #.#      #..............#<##                
             #.#    ###.###.###.#.##.#..#                
          ####.#    #.......# #.#.##.##.######.#         
   ########....#    #.#.###.# #.#.##...........#         
   #........[..######.#.# #.###.#.#####.######.#         
   #.######....##.....#.# #.....#.#   #.#  ###        #.#
   #.#    #...........#.# #.#####.#####.####..        ...
  ##.##   #....##.###(#.###.#####..#.......#.#        #.#
###...#####<#..##.###.#..............##.##.#.# #      #)#
#...#............#.##.##.##.####.....##.##.#.#.#      #.#
#.#...##.........P....................#.##.#.#.###### #.#
#.##.###>##.#.PPPP.########.####.....##.#.....#.#...###.#
#.##..........P>..##      #.........##.>...>.###)###.##.#
#........##.#....[#       #.######.###..#........# #....#
###.####.##.#...P.#  ######.#    #.# #..#...###..###)####
  #.#  #.##.#.##..####......#    #.###..#..## #.#...##   
  #.#  #.##............######    #........##  #.....#    
  #.#  #.##...##########         #.###.##.#   #.##.##    
  #.#  #.##.###                  #.# #.##.#####.....#    
  #.#  #.##.#                    #.# #.##....%..##..#    
  #.#  .#.#.##                   #(# #.###.######.).#    
  #..    #...#                   #.# #.###.##   #..##    
        #.#.#(#                  #.# #.##...##  #..#     
      ##.##.##.##                #.# #.#.###.####..#     
      #.. #.###.###              #.# #...# #.......#     
      ##.##.......#                  ###.###.####.##     
       #..#.#.###.#                    ##...##           
         #...##  .#                     ##.##            
 ##########.##                           #.#             
 #~\~~000~~.#                            #.#             
 ##########.#                            #.#             
          #.#                            #.#             
          #..                            #.#             
          #..#                           ..#             
          #..#                           ###             
          #..#                                           
           ..#                                           
