                                #####                        
                               ##...##                       
                              ##.....##                      
                 ##############.......#######                
                 ...........................#   #####        
                ####.....######.......#####.##  #...#        
                #...........# ##.....#####.#.####.#.###      
               .#.##.....##.#####...####...##.#...#.(.#      
               .#.###...............>....#.###).#####.#      
           ####.#........##...........##..[##.#...#...###### 
         ###>...#.#.#)##.##.#########.####.#.##.#.#.........#
         #.....##................#  #.#  ##.###.#...#######.#
       ###.....##.#.#.#####.####.#  #.#   #.###.....#        
       #.............##   #.#  #.# ##.##  #.....<...#        
        ##.....####..#    #.#  #.###.#.## #..#####..#        
         #.....#  #..#    #.#  #...)###)# #..#   #..#        
      ######.###  #..#    #.#  #####.#.## #..#   #..#        
     ........[.#  #..#    #.#########.##  #..#   #..#        
     #....##.#.####.(#### #...........#   #..#   #..#        
     ....  #.#.##.......# #############          ...#        
     ...## #.#.##.#####.#                        ##.#        
     ## (..#.#....#   #.#                                    
         #.#.#.##.#   #.#                                    
###  ##  #...#.##.#   #.#                                    
#.## #.#####.#.##.#####.#                                    
#..# #..................#                 .                  
##.# ##.###..##.....#####               ##.                  
 #.#  #.# #...#.###.#                   #..##                
 #.# ##.###.....# #.#                  ##.#.                 
 #.# #........#.###.#                  #...                  
 #.###..####.##.....#                  #<.#                  
 #......(....####.###              #   #..#                  
 #####.<####.#  #.#                #.###5.####.#             
     #.)#  #.#  #.#                #r..h5........            
     #<.## #.#  #.#           ##########.#...####            
     #(#.# ...  #.#           #.............(#               
     ##(##.# #.##.##          #.########.#...#               
      #.(..###.....#          #.#      #.##.##               
      #.##.....###.#        ###.###    #.# .#                
      #.##.....###.##########.....#### #.# .#                
      ..##.......(......(................#                   
     #####.....###)#######.##.....########                   
         ##...## #.#     #.##.........                       
          ###    #.#     #.##.....###.                       
                 ...     ..##.#####                          
                 #..     ...#.#                              
                 ####   ###.#.#                              
                           .#.#                              
