              ##.....###.##  #.#                          
             ...>...............                          
             ......#.#.#.##.##.#                          
             ......#.....##.##.##                         
              ...........##.....##########                
               #.................. .......                
             .###..#.#.....###..####.# #.#                
         ### ..............##........# #.#    ...         
      #  #....###..#............####.# #.#####..#.        
      #. #.#..# #..#....##.##..##  #.# #....~.....        
      #.##.#..###..........##..#####.###.##.......        
    ###.......................................00~~        
    #...................##.......#######.#....~00~        
#######  #.#.#####............##.#    ##.#.....~~~        
#.....## #...#####.#..#.##.#..# .######.....0.0~~.        
#......###@#.##................ ...............~~_        
#..........#.##.#.....######..##  #####.......~0~~        
#......###.#.##.#..#......#  .#       #.......~00~        
#......# #.#.##.#..#......#   ..      #......~~0~.        
#......###.#....#.##......#    .      #.......~00.        
#......##..#.##.#.##......#           #...........        
#............##...#######...          #...........        
#########..#............ .#..         #...........        
      ..................  ...     #####..........         
    ....................          #......########         
    #####..#.###........          #......##               
        ......##...#####          #.......#               
       ##..##.......              #.......#               
        #... ........             #.......#               
                                  ##.####.########        
                         ..  ###.###.#  #........#        
                         .... ....##.####.######.#        
                          ... ....##.##...## ###.#######..
                           #.##............# #............
                          ##............#..# #.#.#######.#
                       ####..........####..# #.#.#        
                       ...........#..# ##..###.#.######   
                        ..........#..###................  
                         .##....##.........###.#########  
                       .####...<......###.## #.#          
                       ...................#  #.#          
                       #####.#.###..#.#####  #.#          
                           #.#.# #....#      #.#          
                           #.#.####.###      #.#          
                           #........#        #.#          
                           #####.####                     
                               #........                  
                               #########                  
