                               ### #####             
                              ##.###...#             
                             ##)#.##...#             
                     ###    ##.###.#...#######       
                     #....###.###.............       
                        #....## #..........#####     
                        #####.###...............     
                            ##.###.............#     
                             #...........(.###.      
                             #....##.......†.#       
                             #........#.#..#.#       
                             #.....#..#.#..#.#       
                             #.....#..#....#.#.#     
                             #.....#.......#.#.#     
                             #.....#.###<..#.#.##    
                          ####.............#.#..#    
                         ##.....................# #  
                        ....##............##.#..#.#  
                        ...........#.........#..#.###
                        ######.......###..###........
                             #.....#.###..........###
                        ######.######.........[.###  
                        #g#.#...#.#.####.####..##    
                        ##.#..#..#.##  #    #..#     
                        #.#g.###..#.#       #<.#     
                        ##..##.##..##       #..######
                        #..##...##..#       #........
                        #.##.....##.#       #.######.
                        #..##...##..#       #.#      
                        ##..##)##..##       #.#      
                        #.#gY#.#..#.#       #.#      
                        ##.#S)...#.##       #.#      
                        #.#.#...#.#.#       #.#      
                        #############       #..      
                                            ###      
