quit

Level 1 of the Dungeon
(0, 0, D:1)
  a +0 ring mail
(5, 16, D:1)
  20 stones
(25, 19, D:1)
  24 stones
(32, 0, D:1)
  a +0 plate armour
(54, 5, D:1)
  a +0 short sword
(54, 16, D:1)
  21 bolts
(54, 56, D:1)
  a +0 dagger
(58, 5, D:1)
  a stone
(61, 10, D:1)
  a +0 club
(62, 13, D:1)
  a +0 robe
(63, 10, D:1)
  a +0 spear
(66, 12, D:1)
  a +0 dagger
(70, 26, D:1)
  a +0 ring mail

Level 2 of the Dungeon
(0, 0, D:2)
  a +0 robe
(2, 12, D:2)
  a +0 short sword
(21, -13, D:2)
  13 stones
(28, 27, D:2)
  21 arrows
(39, 15, D:2)
  a +0 club
(40, -14, D:2)
  a +4 quarterstaff of chaos
(41, -12, D:2)
  a +0 mace
(45, 18, D:2)
  23 stones
(45, 19, D:2)
  2 stones
(46, -2, D:2)
  20 sling bullets
(46, 4, D:2)
  a +0 club
  13 stones
(50, 1, D:2)
  a stone
(50, 5, D:2)
  a stone
(50, 16, D:2)
  a +0 dagger
(51, -17, D:2)
  a +0 long sword
(52, -1, D:2)
  a stone
(53, -1, D:2)
  a stone
(53, 0, D:2)
  2 stones
(56, -1, D:2)
  4 stones

Level 3 of the Dungeon
(1, -6, D:3)
  a +0 club
(2, 1, D:3)
  a +0 club
(12, -15, D:3)
  a +0 war axe
(19, -17, D:3)
  a +0 flail
(21, -14, D:3)
  a +0 dagger
  a +0 ring mail
  a +0 club
  a +0 chain mail
  a +0 dagger
  a +0 robe
(27, 0, D:3)
  a cursed -3 club
(29, -31, D:3)
  a +0 club
(29, -20, D:3)
  a +0 club
(30, -14, D:3)
  7 arrows
(31, -25, D:3)
  a +0 mace
(31, 14, D:3)
  a +0 dagger
  a +0 hunting sling
  17 stones
(34, -34, D:3)
  a +0 leather armour
(34, -13, D:3)
  a +0 dagger
(38, -11, D:3)
  a +0 dagger
  a +0 robe
(42, -28, D:3)
  a +0 short sword
(42, -25, D:3)
  a +0 hand axe
(53, -16, D:3)
  27 arrows

Level 4 of the Dungeon
(0, 0, D:4)
  a scroll of remove curse
(3, 1, D:4)
  a +0 leather armour
(5, -1, D:4)
  a +0 dagger
(5, 11, D:4)
  a +0 giant club (still there?)
  a worker ant corpse (still there?)
(11, 11, D:4)
  a ration
(23, 11, D:4)
  a scroll of amnesia
(27, 10, D:4)
  11 gold pieces
(29, 17, D:4)
  15 stones
(30, -1, D:4)
  a ration
(31, 9, D:4)
  a ration
(31, 19, D:4)
  a +0 spear
(39, 2, D:4)
  a +0 short sword
(41, -1, D:4)
  a +0 scale mail
  an orc corpse
(41, 0, D:4)
  a +0 chain mail
(43, 25, D:4)
  a +3 short sword

