                     ####                             
                   ###...                             
                   ......                             
                     #...#########       #####        
                      #..g.......#####   #...#        
                      ###............#####.7.77       
                        #.######...........P..77#     
           . #7         #.#    #####.######..7.P##    
           . ..    )..  ..#        #.#    #7P....#    
           .7.7#   #.# ####        #.#     777.7.#    
     ###   #.#.#   #.#             #.#     #.###.#    
      ...###.#.#   #.#             #.#     #.....#    
      #......#.#   #.#             #.#   ###.#####    
   ####.###..#.#####.#       ##### #.#   #...#        
  ##..............##.#       #...###.#   #...#        
  ...........#.##<##.#      ##.P.....#  ##.#.#####    
  .......))....##....##   ###......###  #...P..PP##   
  .#.##.##...)...P7...### #...P7P..#   ##.P7P.P..P.## 
    . #. #.#...#...77...###..P77PP.#   #P.7P777.77..##
    ..#.##.#...##.77P.P......P77...#   ##.7777 7777PP#
     ..........##.PP7.###.....P.P..#    ##.Pl7 77.P..#
      #............P.## #.#..PP.##.#     #.#...PPP.P.#
      ####.#..#####.##  #..P.P...#.#     #.# #.P..#[.#
         #....#   #.#   #.P.777....#######.########.##
  ###.####.##.#   #.#   #.P77...##.).....)..........# 
  ............#####.#   ##.7PP..##########.#.######## 
  ########........<.#    ##..P.......#####.#.#        
         #.##########     ######.........#.#.#        
         #.#              ######.###.###.#.#>#        
         #.#              #......#   # #.#.#.#        
         #.#            ###.######     #.#.#.#        
         #.#           ##.....######.###.....#        
         #..           #.)###.....#..........#        
         ##.           #..# #........###.....#        
           #           #..###.###.#.####.###.#        
                       #......# #............#        
                       #.##.### #...####.#####        
                   .####.##.#   #...#  #.#            
                   .........#   #...#  #.#            
                   ###......#####...#  #.#            
                     #..............####.#            
                     #......#####........#            
                     #..7777........######            
                     ##7 7.77.......#                 
                          PP.7###...#                 
                        7.g7P7......###               
                        P. .77####....#               
                        7 .P     ##.#.#               
                         ..       #.#.#               
                        77        #.#.#               
                                  #.#.#               
                                  #.#.#               
                                  ....#               
                                  #.###               
                                  ..#                 
