                  ############             
                  #..........###########   
            #######.########.......<...#   
            .[......#      ###########.#   
            #######.#                #.#   
                  #.#                #.#   
               ####.#######          #.##  
               #..........#          #..#  
               #.##.#####.#############W#  
               #.##............)........#  
               #.##.#####.#############.#  
               #.##.### #......#      #.#  
               #)..)..# ######.#      #.#  
               #..###)####   #.#      #.#  
             .....# #....#   #.#      #.#  
            ##.##.# #(##.#   #.#      #.#  
             #. #....(##.#####.########.## 
             #  #######....[.............# 
                      #..#####.##...###..# 
                      #..#####.#.....##..# 
                      #..>...............# 
      #.#             #.######.#.....#...# 
      #.###############.#    #.##...##.....
      #.#...............#    #..##.###...#.
      #.#.###############    ##.#### ###.##
      #.#.#                   #.#       .# 
      #.#.#                   #.#          
 ###  #.#.#                   #.#          
  ... #...#                   #.#          
  ##.##o####                  #.#          
###...(Z...##..               #.#          
#......Z.......               #.#          
#.#............                            
  ##.#)....##..                            
   #.#Z....#  #.                           
   # #...###  #.#                          
     #..[#    #O#####                      
     #...#  ###......                      
     #...#   ....##.#                      
        o#.####..##.#                      
        .........##.# ###.                 
        ............##....                 
      ..##.###...#.##...##                 
      ...........#.#......                 
      ..##.###..(.........                 
             ###.#O#.....#                 
               #.#.##...##                 
               #..<.......                 
               ###.###.###                 
                 #.#   #                   
                 #..                       
                 ###                       
