                                  #.                  
                                  #.#                 
                                  #..#                
                                  #..#                
                           #####  #..##               
                           #(..####...#               
                         ####.##.##...##########      
                   #$##.##.##.##.##............#      
                   #.....†.......##...########.#      
                   #.##.##.##.##.##...##     #.#      
                         ####.#####....#     #.#      
                           #...# ##...>#     #.#      
                           ##.####...#.#     #.#######
            ##########   ####'###..#.#.#     #......<#
            .O..Y....#####.....YW.##.#.#     #.#######
            ########.......#########.#.#     ###      
                ####..#..#.#       #.#                
                #..........#       #.#                
                #.###+###..#        .#                
                #.# #.# #..#                          
                #.###.###..#                          
                #.+.._..'..#                          
                #.#######..#                          
                #.# ### #..#                          
#################.#######..#                          
#..........................#                          
####################.......#                          
                   #########                          
