               ....               .......#            
               ....    ###         ......###  ..#     
               .....   #..         #.......# #..      
               .....   #.#  ###### #.....#.#....      
               ......  #.#  #....###.....#.#...#   ###
               K.....###.####.##.#.......#.#...   ....
               ............)................>.####....
                .....#.#......##.#.......#.#.....w....
                ...  #.###........###....#.#..........
                .    #.# #.................#..........
            ##########.# #.............#...w..!.....?!
            ........##.# #.............#####..........
              #####'##.###.............# #............
              #..........#.............# #...#########
              #..........##............###...#        
  #......     #..........##...................        
  #......     #(.........##..............(....        
  ##.....     #..........##...................        
  #......######..........##..................         
  #......#...............####################         
  #......#...............#    ##.......##             
  #.......((.....(####..#######....<....######        
  ##......#########  #..##...................##       
  #.......############..#...}....##'##....}...#       
  #.....#...............#........#...#........#       
  #.....######.......#..#........#8.8#........#       
  #....      #..........###########'###########       
  #....      #.................# #..#                 
  #...       #.........#######.# #.##                 
  ####       #............#  #.###.#                  
###########  #............#  #.....#                  
#.........#  #............#  ##.####                  
#.........#  #............#####.#                     
#.........####.........####...#.##                    
#.....>................#  #...#..######               
########..........###..#  #...........#####           
       #..........# #..#  #...............#           
       #..........# #..#  #...............#           
       #..........# #..#  #...............#           
       #..........# #..#  #...............#           
       #..........# #..#  #...........#########       
       #..........# #..#  #..)................#       
       #..........# #..#####.###.#..#########.#       
       #..........# #..#.# #.......>#       #.##      
       ############ #....# #####.##.#       #..#      
                    ##.#.#     #.##.#       ##.#      
                  ####.#.##    #....##       #.#      
                  #.......########...#       #.#      
                  #.##.#........##.#.#########.#####  
                  #.##.#.######.#............%(....## 
                  #.##.#.#    #...##.##.....##.##...# 
                  #.##.#.######..##.#.##.#.##.#.###.# 
                  #.##.#.....##..#..#...###...#..(#.# 
                  #.##.#####.##..##.#.##.#%##.#.###.# 
                  #..........##...##.##.....##.##...# 
                  #.##.#####.##....................## 
                  #.##.#   ######..................#  
                  ####.##########.##################  
                     #............#                   
                     ##############                   
