......                                
......    ..(...                      
 .5..K    $........                   
  ...5#   ....#  ..#                  
   #K5h  #....#  #..                  
   #...  .....# #...##                
    #5K##..#..# #....#                
    #4K...##..###.##.#                
    ##..K###...#..#>.#############    
 #.###.53# #...#..................    
  #......###.........#####..#####     
  #.####..##.(.......#  ##..#         
 #.    ##...........#####.#.####      
 #      ##..####.....<..#..##..#      
         ##.#  ##........####.##      
          #.#   #...##....#..#.#      
          ..#   #.............##      
          ..#   #.....###....##       
         ##..   .......##....#        
          ##.   ...##.......##        
            #    .  ####....#         
                      ##...##        .
                    ###....##       ..
                    #.......#      .# 
                   ........(##    .#  
                   ..........####.##  
                   .#####..........#  
                        ##....<.#..#  
                         ##....##     
                          #.....      
                          #.####.     
                         #.##   #.    
                        #.#      #.   
                       #.#        .#  
                       ##          #  
