                             #########
                #.#          #<..P.≈≈#
             ####.#          ####.≈..#
             #..#.#          #P≈≈.P..#
#########    #..#.#          #≈PP.≈≈≈#
#.......#  #.#..#.############≈≈P.≈P≈#
#.......## #.#..#.#.........##≈≈.≈≈≈≈#
#........# #.#..#.#.#...# #.##≈..≈≈≈≈#
#........# #.#..........# #.##'#######
#........# #.##.#.#.##..###.#..#      
#........###.##.#.#.#..>....#.##      
#............##.#.###...##..#.#       
#..........(....#.##8...8#..#.#       
####[###.#..###.#.###...##..#.#       
   #.# #.##.# #.#.# #...##....#       
   #.# #.##..##.#.# #...##...##       
   #.# #[##..##.#.# 8...8##..#        
   #.# #.###.####  ##...# ####        
   #.# #.#  .#      #...#             
   #.# #.   ..                        
   #h#                                
   #h#                                
   #.#                                
   #K#                                
   #.#                                
   #.#    ##                          
   #.#   ..                           
   #.###.#####                        
   #....†.....                        
   #####......                        
         .##.#                        
          ..                          
           #.                         
             .                        
