im bad at dcss

Level 1 of the Dungeon
(3, -28, D:1)
  a +0 robe
(3, 8, D:1)
  5 stones
(6, -20, D:1)
  a +0 dagger
(10, -9, D:1)
  18 sling bullets
(11, -8, D:1)
  a +0 club
(15, -23, D:1)
  a +0 short sword
(15, -7, D:1)
  23 arrows
(17, -25, D:1)
  a cursed +0 ring mail
(18, -26, D:1)
  a +0 club
(19, -4, D:1)
  a +0 club
(23, 6, D:1)
  a +0 chain mail
(29, 16, D:1)
  a +0 dagger
(31, 15, D:1)
  a +0 club
(33, 5, D:1)
  a +0 scale mail
(35, 5, D:1)
  16 stones
(41, 19, D:1)
  29 sling bullets
(41, 23, D:1)
  20 stones

Level 2 of the Dungeon
(0, 0, D:2)
  a cursed -2 dagger
(5, 8, D:2)
  4 stones
(7, 13, D:2)
  a +0 club
(12, -4, D:2)
  11 stones
(15, 10, D:2)
  22 arrows
(29, 13, D:2)
  24 stones
(31, -9, D:2)
  a +0 short sword
(39, -7, D:2)
  a +0 ring mail

Level 3 of the Dungeon
(0, 0, D:3)
  2 poisoned needles
(0, 1, D:3)
  a +0 dagger
  a +0 robe
  a +0 blowgun
  a +0 short sword
  13 poisoned needles
  2 stones
(1, -10, D:3)
  a +0 morningstar
  a +0 leather armour
(1, -5, D:3)
  12 stones
(1, 2, D:3)
  3 poisoned needles
  a +0 dagger
  a +0 robe
(2, -3, D:3)
  a +0 blowgun
  8 poisoned needles
(8, 7, D:3)
  a +0 hand axe
  a +0 leather armour
(10, -31, D:3)
  a +0 hand axe
(11, -29, D:3)
  7 tomahawks
(12, -34, D:3)
  a +0 chain mail
(13, -34, D:3)
  a +0 club
(23, -14, D:3)
  30 sling bullets
(25, -30, D:3)
  16 arrows
(27, -26, D:3)
  14 stones
(27, 0, D:3)
  a +0 chain mail
  a cursed +0 club
(27, 1, D:3)
  a +0 dagger
(30, -24, D:3)
  a +0 robe
(32, 7, D:3)
  a +0 leather armour
(37, 9, D:3)
  5 stones
  a +0 whip
(38, 6, D:3)
  a +0 trident
  an orc corpse (skeletalised by now)
(39, 9, D:3)
  a potion of mutation
(42, 5, D:3)
  a +0 scale mail

Level 4 of the Dungeon
(0, 0, D:4)
  24 sling bullets
(10, -19, D:4)
  13 arrows
(42, -13, D:4)
  a +0 hand axe

