            .##                                  
            ..#                                  
            #.#                    .#            
            #.#                    ..#  #########
            #.#                    #.#  #........
      ##.####.######################.#  #........
      ............................##.#  #........
    #  #.####......##############..#.## #......(.
    #.##.##...................####....###........
    #........♣♣..♣♣♣♣♣................'.'...>....
    ####....♣♣♣.♣♣♣♣♣.................###........
       #....♣ ♣♣♣_♣♣..........#...._..# #...)....
       #...♣♣♣♣.♣.♣.♣.........#g.....####........
       #..♣♣.♣♣♣.♣♣♣#.........#..g...#.......####
       #.#..♣♣♣♣♣.♣.♣♣........#g.....#.#####.#   
       #).♣♣♣♣.♣♣♣.♣♣.........#......#.#    .#   
   #####..♣♣♣.♣....♣♣.........##'###g#.#     #   
 ..>.......♣♣.♣♣♣♣♣♣........<.##g# #g..#         
 #######.##.)♣.♣....♣♣........##.# #...#         
     #......#....♣.♣..........##.###...#         
     #.#.##.........(.#..######....g.g.#         
     #...##......####.#..#    ######.#g##        
     ###.........+..#.#..#         #.#..#        
       #.##......##.#.#..#         #.##g#        
       #.##......'.......#         #.##.##       
.#+#####.##......##.#%##.#         #.##g.#       
.........##......##....#.#         #.###g##      
.....##..##......####..#.#         #.# #g.#      
...  ##..##......##....#.#             ##.#      
.    +...##......##....#.#              #gg#     
     ##.###......#######+#              ..g..    
      #@# #......#                     .......#  
      #.# ####+###                    ........#  
      #.#                            .gg......#  
      #.#                           .g.........  
      #.#                          ...gg....?..# 
      #.#                                        
      #.#                                        
