ok

Level 1 of the Dungeon
(0, 0, D:1)
  a cursed -3 short sword
(9, -53, D:1)
  11 arrows
(13, -36, D:1)
  a +0 ring mail
(17, -54, D:1)
  a +0 ring mail
(17, -34, D:1)
  8 stones
(20, -11, D:1)
  a +0 spear
(24, -31, D:1)
  a +0 club
(45, -43, D:1)
  a +0 club
(59, -40, D:1)
  21 stones

Level 2 of the Dungeon
(0, 0, D:2)
  a +0 hand axe
(2, 12, D:2)
  a stone
(2, 16, D:2)
  a +0 short sword
(2, 17, D:2)
  a +2 dagger of venom
  a +0 robe
(31, 1, D:2)
  a +0 plate armour
(34, 12, D:2)
  a +0 robe
(37, 7, D:2)
  21 bolts
(43, 47, D:2)
  14 bolts
(50, 44, D:2)
  a stone
(50, 45, D:2)
  a stone
(50, 48, D:2)
  a +0 short sword
  44 stones
(51, 45, D:2)
  a stone
(52, 42, D:2)
  a stone
(61, 39, D:2)
  10 stones

Level 3 of the Dungeon
(0, 0, D:3)
  a +0 robe
(3, -9, D:3)
  a +0 leather armour
(4, 9, D:3)
  a +0 short sword
(10, 4, D:3)
  a +0 short sword
(14, -9, D:3)
  a +2 short sword of electrocution
(19, 15, D:3)
  a stone
(25, -9, D:3)
  a +0 robe
(29, 28, D:3)
  a +1 pair of boots
(31, 2, D:3)
  5 poisoned needles
(36, -6, D:3)
  a +0 robe
(37, 11, D:3)
  a +0 club
(37, 14, D:3)
  a +0 club
(39, 26, D:3)
  21 arrows
(45, -10, D:3)
  a +0 plate armour
  a +0 long sword
(45, -3, D:3)
  a +0 robe
  a cursed -2 dagger
(47, -10, D:3)
  a +0 short sword
(50, 21, D:3)
  a +0 short sword
  a cursed +0 leather armour
(52, -1, D:3)
  a cursed -1 hand axe
(54, 18, D:3)
  a cursed -3 flail
(56, 19, D:3)
  a +0 club
  a +0 chain mail

Level 4 of the Dungeon
(0, 0, D:4)
  a +0 dagger
(9, 6, D:4)
  a cursed +0 robe
  a +0 scythe
(11, 9, D:4)
  a cursed +0 robe
  a +0 dagger
(30, 26, D:4)
  a +0 chain mail
(30, 31, D:4)
  a +0 dagger
(34, 6, D:4)
  an uncursed ring of poison resistance
(54, 2, D:4)
  11 arrows

Level 5 of the Dungeon
(0, 0, D:5)
  an arrow
(5, 0, D:5)
  a +0 shortbow
  16 arrows
(8, 27, D:5)
  a +0 hand axe
(10, 33, D:5)
  22 stones
(11, 16, D:5)
  11 stones
(14, 5, D:5)
  a +0 giant club
(14, 14, D:5)
  a +0 robe
  a cursed +0 dagger
(14, 30, D:5)
  21 stones
(15, 32, D:5)
  a +0 club
  a +0 hand axe
(16, 32, D:5)
  a +0 trident
(35, 11, D:5)
  a +0 leather armour
(39, 46, D:5)
  16 stones
(47, 13, D:5)
  a +0 chain mail
(48, 2, D:5)
  a +0 dagger

Level 6 of the Dungeon
(0, 0, D:6)
  a +0 giant club
(3, -18, D:6)
  21 stones
(5, -35, D:6)
  a +0 giant club
(5, -13, D:6)
  a +0 dagger
  a +0 robe
(6, -13, D:6)
  a +0 mace
  a +0 chain mail
(7, -13, D:6)
  a +0 short sword
  a +0 scale mail
(8, -13, D:6)
  a +1 mace of protection
  a +0 chain mail
(9, -36, D:6)
  a +0 robe
(10, -19, D:6)
  a +0 leather armour
(12, -20, D:6)
  4 tomahawks
  a +0 club
(12, -18, D:6)
  a +0 ring mail
  a +0 hand axe
(13, -27, D:6)
  5 tomahawks of returning
(15, -36, D:6)
  22 sling bullets
(16, -26, D:6)
  a +0 chain mail
(19, -32, D:6)
  a +0 leather armour
  a +0 dagger
(21, -32, D:6)
  a +0 scale mail
  a +0 flail
  a +0 giant club
(26, -17, D:6)
  14 bolts
(26, -2, D:6)
  17 arrows
(32, -11, D:6)
  a +0 leather armour
  a +0 hand axe
(34, -2, D:6)
  4 arrows
(37, 4, D:6)
  a +0 leather armour
  a +0 robe

Level 7 of the Dungeon
(0, 0, D:7)
  12 stones
(5, -5, D:7)
  a cursed +0 short sword
  5 stones
  a +0 dagger
(8, -8, D:7)
  a stone
(8, -7, D:7)
  3 stones
(9, -8, D:7)
  a +0 whip
(15, 1, D:7)
  27 stones
(16, -15, D:7)
  a +0 club
  a +0 ring mail
(17, -16, D:7)
  a +0 whip of electrocution
(18, 2, D:7)
  a +0 dagger
(22, 0, D:7)
  a +0 whip
(23, -1, D:7)
  a +0 club
  a +0 leather armour
(23, 0, D:7)
  a +0 scale mail
(25, -4, D:7)
  a +0 giant club
(27, -25, D:7)
  a +0 flail
(36, -24, D:7)
  a tomahawk
(38, -22, D:7)
  a +0 dagger
(39, -19, D:7)
  a tomahawk
(39, -17, D:7)
  a +0 hand axe
  6 tomahawks
  a +1 chain mail of fire resistance
(40, -27, D:7)
  a +0 dagger
(40, -21, D:7)
  a +0 dagger
  a +0 robe
(41, -16, D:7)
  a +0 scale mail

Level 8 of the Dungeon
(0, 0, D:8)
  a +0 whip
(8, -2, D:8)
  a +0 giant club
(22, -19, D:8)
  a +2 shield
(24, -17, D:8)
  a +0 dagger
(24, 3, D:8)
  a cursed -1 short sword
(27, 7, D:8)
  a +0 dagger of venom
(32, -15, D:8)
  21 sling bullets
(40, -28, D:8)
  23 stones
(41, 1, D:8)
  a wand of iceblast (10)
(43, 1, D:8)
  a ration
(43, 3, D:8)
  2 potions of might
(44, -19, D:8)
  a +0 short sword
  a cursed -2 leather armour
(44, 2, D:8)
  12 gold pieces
(45, -19, D:8)
  a +0 trident of venom
  a +0 plate armour
(46, -22, D:8)
  a cursed +0 trident
(47, -23, D:8)
  a +0 dagger
  a +0 robe

the Ecumenical Temple

