                               ########                                
                    ############......##                               
                    #...................                               
                    #.########.#.####..                                
                    #.#      #.#.#                                     
                    #.#      #.#.#                                     
      ###########   #.#      #.#.#                                     
      #.........##  #.#      #.#.####   #   #                          
      #.#######..## #.#      #.#....#   .. .#                          
      #...........# #.#      #...##.#   #.#.#                          
      ###########.# #.#      #.#.##.#####.#.######## ..                
      #...........# #.#      #.#.##.......#........ ..#                
      #.#######...# #.#      #.#.################## #.#                
      #.#     #.#.# #.#      #.#..†.).....#.......# ..#                
      #.#######.#.###.###### #.#.########.#.#####.###.##               
      #...........>........###...#      #.#.#####.##...#   #....#      
     ##........................#.#      #.#....##......#   #....#      
######....#####.#####.########..(#      #.####.#####...#   #....#      
..........#   #.#   #.##..8_##)#.#   ####.# ##.## ##.).#   #....#      
.######...#   #.#   #.#....._#.#.#####.##.###...###....##  #....#      
      #...#####.#####.###..###........................(.#  #....#      
      #.......#.#.....#8....##.#.######.##.#######.####.############## 
   #.##...#####.#####.###..###.#.#.∩.∩.................(.............# 
   #......#   #.#   #.#....._#...#....##.###########################.# 
   ######.#   #.#   #.###..####..#.∩.∩#..#.........# #..#  #....#  #.# 
        #.#####.#####.#_....# #.......#..#.#######.# #.##  #....#  #.# 
        #.............###..#####..#.##.....#######.###.##  #....#  #.# 
        #.########..#.#.....##..........................#  #....#  #.# 
        #.............##8..8##...#.#.(..#....#.#######..#  #....#  #.# 
        #.....................W..#.#.......)..........†.####....####.# 
        #.####..##..#.###........#o#########....#.....#............#.# 
        #.#  ##.##..#.##...####..#.W.W...#...#....#.....########.....# 
        #.#   #...........##  #..#######.#..........................## 
        #.#####..#.#..###.#   ##.......#.#...........######.######..#  
        #.............# #.#    #.......#.#.........#.#    #.#    #.##  
        #.######.#.#..# #W#  ###.......#)#.....###.#.#    #.#    #.#   
        #.######..(..####.####.........#.#......##.#.#    #.#    #.#   
        .............<..W..............#.#.......#.#.#    #.#    #.#   
          ########.......o####.........#.#.....#.#.#.#    #.#    #.#   
                 #............##.......#.......#...#.#    #.#    #.#   
                 #.....#...##....#Z....#.....#.#.#.#.########    #.#   
                 #...#..<..............#.....#.#.#.#.........          
                 #...#####.#####....>..(.###.#.#.#...........          
                 #...#    .#.#######....## #.#.#.#.#.........          
                .....#    .#............#  #.#.#.#...########          
                ##...#   ..###########..#  #...#...###                 
                 #....   ...............#  ###########                 
                          ...#######....#     #......#                 
                           #...........########.######                 
                           #..#...###........>..#....#                 
                         #.#...........##########.####           ######
                         #.#....)....................#############....#
                         #.##.......#..#########..#.#..............#.##
                         #........#.#..#.....<.#........#.....######.# 
                       .##...............#...#................#    #.# 
                       .........##.......#.#...#...###..#.#...#    #.# 
                        #.##....#####.....(###.#..............#    #.# 
                        ###.....#........### #.########.#.#...#    #.# 
                        ##.#....#.#####..#   #................##   #.# 
                       ##.###...#.#####..#####.#.########......#   #[# 
                       #.##.#...#........#.#)###.#      ######.#   #.# 
                       ##.#.#...#####....#...'...#           #.#   #.# 
                        ###............#.#####.###           #.#   #.# 
                        #.#.........####.......#             #.#####.##
                        #...........#  #########             #....<...#
                        #...........#                        #######.##
                        #.#.#########                              #.# 
                        #####                                      ### 
