    #########                                                     
    #.......#######                                               
    #.#............                                               
    #.#.###[....<.)                                               
    #.#.# ######....                                              
    #.#.#    ###.#.#                                              
    #.#.#    #.....#                                              
    #.#.#  ###.....#                                              
    #.#.#  #.......#                #                             
    #.#.#  #.#.....#                #.                            
    #.#.#  #.#.....#                #.##  #.# #                   
    #.#.#  #.#   #)#                ....###.# #.#                 
    #.#.####.#####.#####.##         ....<##.###.####              
    #.#...................#         #.#g...........#####          
    #.#############[##.#.##        ##.##.##.>....)....>######     
    #.#           #.#.             #......g.###.##.###......#     
    #.#           #.#.             ##.##.#..###..#.# #.####.##### 
#####.#           #.#.##            #..............# #.##.......# 
#.....#      ######.##.#.##       #......#..#g##.### #.##.......##
#.#####      #............#       #########.#b#.##   #.##..g#....#
#.#          #.#.######..#.#              #.g..##    #.##..#<#...#
#.#          #.#.#     K...#              #.#.########.##..h#g...#
#.#          #.#.#     ......             #.#.##........g........#
#.###        #.#.#     #....#             ..#...........#..(.....#
#...#        #.#.#      .#....           #######.#####..###)###..#
###.#        #.#.#####  ..#...                 #!#   #..# #.....##
  #.#        #.#.....#                         #.#   #..###.##### 
  #.#        #.#####.#                         #.#   #......#     
  #.#     ####.# #...#                         #.#   ##.##..#     
  #<#     #....# #.###                         #.#    #.###.#     
  #.#     #.######.####                        #.#   ##.###.#     
  #.#     #.# #.......#    ......               .#####...##.#     
  #.#######.###.#####.#    .....#.#             ............#     
  #.............#   #.##    ....#.#              #####...##.#     
  #.#######.....#   #..#    #.#.#.#        ############.###.#     
  #.#     ####..#   #..#    #.#.#.#        #............# #.#     
  #.#        #..#####..##   #.....#        #.##############.#     
  #.#        #..........#####.....#        #>#           #..#     
  #.##########.#####..........)...#        #.#           #.##     
  #............).....##.#####.....####     #.######      #.#      
  #.##########)########.#   #........#     #......#      #.#      
  #.#        #.#      #.#   ###.##...##### ######.#      #.#      
  #.##########.#      #.#     #..........###### #.#      #.#      
  #............#      #.#     #...............# #.#      #.#      
  ##############      #.#     ##..)...####....# #.#      #.#      
                      #.##########....#..#....# #.#      #.#      
                      #...............#.(#._..# #.#      #.#      
                      ###############.#.(#....###.#      #.#      
                                    #.####........#      #.#      
                                    #.........#####      #.#      
                                    ######....#          #.#      
                                         ####.############.#      
                                            #..............#      
                                            ################      
