                         ######################                  
                         ........HK.........(.#                  
                         ####################.#                  
                                            #(##  ##             
                                  ###########H.#...#.            
                                  ........H..........            
                                 #.#####..####......#            
                                 #....##..#   .K..###            
                                    #.....#   #..##              
                                  ....##H##    ..#               
                                 #.#.  #.#     ..#               
                                 #.#.###.#     ..##              
                                 #.......#   ##...##             
                                 ........#  ##.....##            
                          ##     ###.#.#.# ##.......##           
                          ..     ###.....###.........###         
        .+...             g.     .......)..'.........'.          
        #....             #g     ###......##.........###..       
        #...              #.     .........###.............       
        #..#              #.     .######..# ##.......#           
   #.   #..#        #.#  ##.##         ...#  ##...#..#           
   ...  #..# #+#    #.#  #.#.#        ##..#   ##'##..#           
   #.# ##..# #.#    #.#   #.##         ...#    #.###.#######.    
   #.# #...# #.#    #.#   #.#          #.##   ##.###.........    
   #.###.#.###.##   #.#   #g#                 #.......######.    
#  #.##..#.##...##  #.#   #g#                 #...###.######.#   
#.##.##.##.#.....#  #.#   #.#                #..).. #.[......#   
#.......##.##...#####.##  #>#                ##...# ##.#######   
####.#.................####.#                 #..##  #..#        
   #.#####.###.######....gg.#                        ##.##       
   #.#   #.# #.#    #.#######                         #..#       
   #.#   #.# #.#    #.#                               ##.#       
   #.#   #.# #.#    #.#                                #.##      
   #.#   #.# #.#    #.#                #########.#     #..#      
   #.#   #.# #.#    #.# ###            #.......#.########.#      
   #.#   #.# #.#    #.#...             #.##...............#      
 ###.#####.###.######.#.####       #####.##........####...#      
 #.......#.#..........)....#       #.........####..#  #...#######
 #.#.#.........######.#.##.#       #.###.##..#).#..+  #P.##.....#
 #.#.#.#.#.#....##  #.#...         #.# #.....#..#..####..##.###.#
##.#.#.#.#.#.....#  #.# .#.#       #.# ####..##'#..#..#.....# #.#
#......#.#.##...##  #.# .# #       #.#    #........#..#..##.###.#
#..#.###.#.###.##   #.#  . .##     #.#    #....P...##'##.##.....#
#..#.###.#.# #.#    #.#  ....#     #.#    #..####...#..#.####.###
#..>..##.#.# #.#    #g#    ...     #.#    #..#..#...#..#.#  #.#  
##.......#.###'##   #†#    #.#     #.#    #..#..'...#).#.#  #.#  
 ###.#####.##...##  #.#    #.#     #.#    #..#####..#[##.####.## 
   #.#   #.#.....####.######.#     #.###  #..#...#.....(...<...# 
  ##.##  #...................#     #.#.## #..#..[#)..P.P.#.##..# 
 ##...####......g..####...##.#######....###..#..['(.####.......# 
 #.......'.........'.........................#'###[(#.[#.......# 
 ##...####.........##>#...##########....###..#..#...#.)'....#..# 
  ##.##  ##..<.g..###.##.##        #...## #..#..#...####....#..# 
   #.#    ##.....## #.####         ###.#  #..####...........#..# 
   #.#     ##...##  #.#              #.#  #....................# 
   #.#      ##'##   #.#              #.#  #.........###.##.##.## 
   #.#       #.#    #.#              #.#  ######.#### #.##.##.#  
 ###.# #######.###  #.#              #.#    ####.#### #...(...#  
 #...# #.....#...####.#              #.#    #.......# ####.####  
 #.#.# #.##...........#              #.#    #.#...#.#    #.#     
 #.#.# #.##.)....#.####              #.#    #(......#    #.#     
 #.#.# #.##.....##.#                 #.#   ##.......######.#     
 #.#.###.##..#..#  #                       .......<........#     
 #........#..##.#                         ..#.......########     
 ###.###........##.                       ###.#...#.#            
   #.....##........                         #.##.##.#            
   #####.....######                           ... ..#            
       #######                               ########            
