ok

Level 1 of the Dungeon
(0, 0, D:1)
  a +0 chain mail
(9, 8, D:1)
  a +0 robe
(14, 9, D:1)
  a +0 spear
(15, 18, D:1)
  a cursed -3 short sword
(16, 7, D:1)
  a +0 hunting sling
(17, -7, D:1)
  a +0 club
(17, 22, D:1)
  a +0 dagger
(19, -16, D:1)
  a +0 hand axe
(20, 20, D:1)
  23 stones
(33, 23, D:1)
  a +0 club
(34, 23, D:1)
  23 arrows
(38, 19, D:1)
  a +0 dagger

Level 2 of the Dungeon
(0, 0, D:2)
  17 stones
(16, 15, D:2)
  a +0 whip
(18, -15, D:2)
  21 stones
(18, 14, D:2)
  a +0 robe
(18, 16, D:2)
  27 arrows
(19, -1, D:2)
  19 stones

Level 3 of the Dungeon
(0, 0, D:3)
  a +0 dagger
(1, 1, D:3)
  a +0 robe
  a +0 dagger
(5, -9, D:3)
  a +0 club
  a +0 hand axe
(5, -3, D:3)
  9 stones
  a +0 hunting sling
(7, -9, D:3)
  a +0 club
(8, -9, D:3)
  a +0 ring mail
  a +0 dagger
(12, -3, D:3)
  2 stones
(14, -2, D:3)
  a +0 club
(16, 25, D:3)
  a +0 club
(17, 12, D:3)
  a +0 leather armour
  a +0 war axe
  a +0 robe
  a +0 dagger
(22, 21, D:3)
  24 stones
(25, -17, D:3)
  a +0 trident
(29, -10, D:3)
  3 stones
(29, -4, D:3)
  a stone
(32, -5, D:3)
  3 needles of confusion
(32, -4, D:3)
  a +0 hunting sling
(32, -1, D:3)
  a +0 club
(32, 3, D:3)
  a +0 club
  a +0 ring mail
(34, -21, D:3)
  a +0 robe
  a cursed -1 club
(38, -4, D:3)
  a +0 short sword
(38, 3, D:3)
  a +0 club
(39, -16, D:3)
  28 stones
(42, -18, D:3)
  a +0 hat

Level 4 of the Dungeon
[Shop] Huqehid's Magic Scroll Boutique
  a scroll of identify (26 gold)
  a scroll of blinking (97 gold)
  a scroll of fear (45 gold)
  a scroll of silence (97 gold)
  a scroll of noise (13 gold)
  a scroll of enchant armour (97 gold)
  a scroll of immolation (45 gold)
  a scroll of magic mapping (45 gold)
(0, 0, D:4)
  a cursed -2 hand axe
(11, 33, D:4)
  17 arrows
(22, 37, D:4)
  7 stones
(32, -5, D:4)
  a +0 vampiric dagger
  a +0 leather armour
(32, 28, D:4)
  23 stones
(33, -3, D:4)
  a +0 short sword
  a +0 leather armour
  a +0 club
  a +0 leather armour
(34, 7, D:4)
  a +0 mace
(35, -2, D:4)
  a +0 mace
  a +0 ring mail
(35, 35, D:4)
  a +0 whip
(41, 27, D:4)
  a +0 flail
(44, -7, D:4)
  a cursed +0 dagger
(52, 6, D:4)
  a +0 spear
(52, 44, D:4)
  11 stones
(55, 45, D:4)
  a -2 spear

Level 5 of the Dungeon
(0, 0, D:5)
  a +0 animal skin
(1, 0, D:5)
  a +0 animal skin
(4, 24, D:5)
  a +0 mace
(5, 0, D:5)
  a +0 whip of freezing
(5, 21, D:5)
  a +2 quarterstaff of chaos
(18, 27, D:5)
  18 stones
(21, 28, D:5)
  a +0 dagger
  a +0 chain mail
(22, 16, D:5)
  a +0 animal skin
(22, 23, D:5)
  21 stones

Level 6 of the Dungeon
(0, 0, D:6)
  a cursed +0 scale mail
(3, -30, D:6)
  an arrow
(3, -28, D:6)
  a +0 shortbow
  22 arrows
(4, -32, D:6)
  a +0 quarterstaff
(8, -15, D:6)
  a +0 falchion
(15, -44, D:6)
  a +0 quarterstaff
(18, 4, D:6)
  17 arrows
(23, -4, D:6)
  a +0 spear
(24, -5, D:6)
  a +0 spear
(24, -4, D:6)
  a cursed +0 whip
(26, -4, D:6)
  a +0 flail of protection
(28, -8, D:6)
  a +0 giant spiked club
(33, -16, D:6)
  a +0 ring mail
(40, -17, D:6)
  a +0 robe
(41, -37, D:6)
  21 stones
(41, -11, D:6)
  a cursed -1 mace
(43, -13, D:6)
  a +0 quarterstaff
(45, -4, D:6)
  9 arrows
(50, -3, D:6)
  5 curare-tipped needles
(57, -43, D:6)
  a +0 dagger
  a +0 leather armour
(57, -40, D:6)
  a +0 flail
  a +0 leather armour
(57, -32, D:6)
  a +0 dagger of venom
(61, -29, D:6)
  a +0 whip

Level 7 of the Dungeon
(0, 0, D:7)
  a scroll of noise
(1, -27, D:7)
  a +0 trident
  a +0 chain mail
  a +0 short sword
(2, -26, D:7)
  a +0 falchion
  a +0 leather armour
  an orc corpse (skeletalised by now)
(2, -23, D:7)
  a +0 dagger
  a +0 robe
(6, -22, D:7)
  a +1 dagger of venom
  a +0 robe
  an orc corpse (skeletalised by now)
(7, -7, D:7)
  a sling bullet
(10, -16, D:7)
  a +0 chain mail
(11, -15, D:7)
  20 bolts
(11, -1, D:7)
  a +0 long sword of electrocution
(16, -35, D:7)
  a +0 chain mail
(17, -1, D:7)
  4 gold pieces
(19, -21, D:7)
  a +0 scale mail
(25, -19, D:7)
  a +0 flail
(25, -18, D:7)
  a +0 club
  4 exploding tomahawks
  a +0 leather armour
(25, -15, D:7)
  a +0 flail
(25, -13, D:7)
  a cursed -3 flail
(26, -18, D:7)
  a +0 dagger
  a +0 chain mail
(27, -24, D:7)
  22 stones
(27, -17, D:7)
  a +0 dagger
(29, -11, D:7)
  a +0 spear
(29, 16, D:7)
  a +0 giant club
(30, -19, D:7)
  24 sling bullets
(30, -5, D:7)
  a +1 antimagic halberd
  9 stones
(30, 2, D:7)
  a stone
(31, -37, D:7)
  a +0 ring mail
(33, -24, D:7)
  a scarf of spirit shield
(34, -18, D:7)
  a +0 shortbow
(38, -24, D:7)
  a +0 dagger
  a +0 robe
(40, -24, D:7)
  a +0 hand axe
(41, -21, D:7)
  a +0 mace
(43, -9, D:7)
  15 sling bullets

the Ecumenical Temple

