  ###########                              
 ##.#}#}#}#}##                             
 #_.#.#.#.#.8##                            
 #............#                            
 #_...........#                            
 #..#.#)#.#.8.#    #####                   
 ##.###.#.#.#.######...##########          
  ### #######.....[..#........).#          
        #....#######...########.#          
        #.............#####   #.#          
      ###....####...<.....#   #.#          
      #.....#.<.....#####.#####.#          
      #.###.#.#####.#   #....##.#          
     ##.# #...#   #.#   #.##.##.#######    
     #..###...#   #.#   #.......#.....#    
     #......#)#   #.#   #..#.#..#...).#    
     #.######.#####.#   #.............#    
     #.#    #...)...#####..#.#..#>....#    
     #.#   #####.)......).......#.....#    
     #.#   #..%..)....#..###.##.###.###    
     #.#  ##.###....#....###.##......#     
     #.####...##......##.....######..#     
     #.......................######..#     
     ######(..##...#####..###........#     
          ##.###..........# #.######.###   
           #.# #..........###.#   ##...##  
           #.# ##..#.##.....#.#  ##.....## 
           #.# ##..#(####.#.#.####.......##
         ###.###...#.#  #.#.....#.........#
   #######..###...#######.................#
   [........#~~...~~#.........#.#....(....#
   #######.##~..7..~#.#####.#............##
         #.#..........# #.......###......# 
         #....7[_.7...# #.###.### ##...#.# 
         #...........## #.# #..#   #..##.# 
         ####~..7..~##  #.###..#####..##.# 
          #.#~~...%~#   #.(............#.# 
#.#########.###...###########..#######.#.# 
#...........###........######..#     #.#.# 
    #Z........#................#######.#.# 
    #g#######.##.......######...........)# 
    #g      #.####......#   ##.#######.### 
    #.      #.####...##.#    #.#     #.#   
    #.      #............#####.#######.#   
    #.      ###########.........>......#   
    ..                 #.......#########   
    ##                 #########           
