david

Level 1 of the Dungeon
(0, 0, D:1)
  a +0 dagger
(6, -12, D:1)
  26 stones
(7, -22, D:1)
  a +0 chain mail
(10, -5, D:1)
  9 stones
(13, -4, D:1)
  a +0 dagger
(15, 4, D:1)
  a cursed -1 leather armour
(17, -24, D:1)
  a +0 dagger
  a stone
(18, 2, D:1)
  23 bolts
(19, -17, D:1)
  23 arrows
(19, 6, D:1)
  2 stones
(21, -24, D:1)
  a stone
(21, -22, D:1)
  a +0 robe
(32, 1, D:1)
  14 arrows
(35, 3, D:1)
  10 stones
(38, -5, D:1)
  a +0 club
(38, -4, D:1)
  18 arrows
(38, 8, D:1)
  15 stones

Level 2 of the Dungeon
(0, 0, D:2)
  a +0 flail
  an orc corpse (skeletalised by now)
(1, 2, D:2)
  a +0 leather armour
  a +0 club
  a +0 leather armour
  a +0 dagger
(1, 3, D:2)
  a +0 leather armour
  a +0 dagger
(2, -2, D:2)
  a +0 ring mail
  a +0 war axe
(2, -1, D:2)
  a +0 scale mail
  a +0 club
(3, -8, D:2)
  a +0 whip
(3, 2, D:2)
  a +0 robe
(8, -11, D:2)
  a +0 hunting sling
  4 sling bullets
(8, -2, D:2)
  3 stones
(8, 2, D:2)
  a stone
  a +0 whip
(9, -14, D:2)
  a sling bullet
(9, -3, D:2)
  a stone
(10, -19, D:2)
  2 stones
(10, -17, D:2)
  a sling bullet
(11, -18, D:2)
  a sling bullet
(11, 9, D:2)
  a +0 club
(12, 9, D:2)
  a +0 club
(13, -16, D:2)
  a stone
(15, -14, D:2)
  2 stones
(18, -28, D:2)
  a +0 chain mail
(21, -5, D:2)
  a +0 dagger
(28, -18, D:2)
  a cursed +0 leather armour
(32, -3, D:2)
  10 stones
(40, -24, D:2)
  a +0 club
(46, -24, D:2)
  a +0 chain mail

Level 3 of the Dungeon
(0, 0, D:3)
  a jackal corpse
(2, -1, D:3)
  a +0 club
(6, -8, D:3)
  a +0 trident
(14, 0, D:3)
  a tomahawk
(19, -11, D:3)
  a +0 mace
(21, 15, D:3)
  a +0 trident
  (unseen)
(21, 16, D:3)
  a +0 hand axe
(23, 15, D:3)
  a +2 dagger of venom
  (unseen)
(23, 16, D:3)
  3 tomahawks

