innerpeace

Level 1 of the Dungeon
(0, 0, D:1)
  a +0 ring mail
(8, -30, D:1)
  a +0 plate armour
(9, -30, D:1)
  17 bolts
(15, -8, D:1)
  12 poisoned needles
(17, -7, D:1)
  a +0 short sword
(26, -29, D:1)
  10 poisoned needles
(26, -5, D:1)
  a +0 dagger
(36, -40, D:1)
  a +0 club
(36, -24, D:1)
  7 javelins
(46, -21, D:1)
  a +0 club
(48, -25, D:1)
  a +0 club
  3 stones
(51, -32, D:1)
  a +0 hand axe

Level 2 of the Dungeon
(10, -13, D:2)
  18 stones
(21, 24, D:2)
  a +0 ring mail
(23, 27, D:2)
  a +0 ring mail
(31, -24, D:2)
  a +0 chain mail
(31, 14, D:2)
  a +0 hand axe
  a +0 chain mail
(39, 4, D:2)
  a cursed -2 flail
(42, -6, D:2)
  a cursed -2 mace
(43, -9, D:2)
  a +0 whip
(43, 5, D:2)
  a +0 club
(43, 6, D:2)
  20 sling bullets
(45, 24, D:2)
  a +0 leather armour
(46, 11, D:2)
  a +0 giant spiked club
(47, -18, D:2)
  15 poisoned needles
(47, 21, D:2)
  a +0 mace

Level 3 of the Dungeon
(0, 0, D:3)
  29 sling bullets
(2, 30, D:3)
  a +0 club
(3, 13, D:3)
  a +0 hunting sling
  18 stones
(5, 19, D:3)
  26 bolts
(24, 27, D:3)
  a stone
(26, 26, D:3)
  a stone
(28, 26, D:3)
  a stone
(30, 26, D:3)
  a +0 hunting sling
  10 stones
(35, -4, D:3)
  a +0 club
(38, 12, D:3)
  11 stones
(38, 13, D:3)
  a +0 dagger
  a stone
(38, 14, D:3)
  a +0 falchion
(38, 15, D:3)
  a stone
(43, 19, D:3)
  a +0 short sword
(45, 12, D:3)
  a +0 trident
(48, 13, D:3)
  a +0 short sword
(48, 23, D:3)
  a +0 ring mail
(50, 14, D:3)
  10 stones
(51, 14, D:3)
  16 sling bullets

Level 4 of the Dungeon
(0, 0, D:4)
  a +0 whip
(10, 0, D:4)
  a +0 giant club
(10, 14, D:4)
  10 bolts
(12, 28, D:4)
  a +0 rapier of venom
  a +0 leather armour
(15, 6, D:4)
  a +0 giant spiked club
(18, 14, D:4)
  a +0 mace
(19, 10, D:4)
  a +0 robe
  a +0 dagger
(21, 25, D:4)
  a +0 ring mail
(22, 7, D:4)
  a +0 robe
  a +0 dagger
(23, 6, D:4)
  a +0 robe
(39, 13, D:4)
  a +0 flail of holy wrath
  a +0 leather armour
(40, 12, D:4)
  a +0 hand axe
  12 stones
  a +0 leather armour
  a +0 flail
  2 tomahawks
  a +4 morningstar
  a +0 leather armour
(41, 13, D:4)
  a +0 trident
  a +0 ring mail
  a +0 club
  a +0 spear
(41, 14, D:4)
  a +0 trident
  a +2 dagger of protection
(44, 8, D:4)
  a +0 dagger
  a +0 robe
(46, 8, D:4)
  a +0 club
  a cursed +0 leather armour

Level 5 of the Dungeon
(0, 0, D:5)
  a +0 whip
(1, 23, D:5)
  a +0 hand axe
(11, 21, D:5)
  a +0 falchion
(20, -7, D:5)
  a +0 mace
  a +0 chain mail
(21, -7, D:5)
  a +0 hand axe
  a cursed +0 leather armour
  a +0 halberd
(22, 35, D:5)
  11 gold pieces
(24, -7, D:5)
  a +0 flail
  a +0 scale mail
  a +0 whip
  a +0 leather armour
(24, 38, D:5)
  a potion of lignification
(26, -7, D:5)
  a +0 spear
(27, -7, D:5)
  a +0 halberd
(33, 23, D:5)
  a +0 ring mail
(34, 4, D:5)
  25 arrows
(45, 11, D:5)
  a +0 giant club

Level 6 of the Dungeon
(0, 0, D:6)
  a +1 dagger of holy wrath
  (unseen)
(5, -15, D:6)
  a +0 flail
  a +0 hand axe
(5, -8, D:6)
  a +0 leather armour
  a +0 battleaxe
  a +0 chain mail
(5, -5, D:6)
  a +0 club
  (unseen)
(6, -18, D:6)
  a +0 dagger
  a +0 robe
(13, -2, D:6)
  an uncursed ring of teleportation
(18, 0, D:6)
  a +0 spear
(19, 0, D:6)
  a +0 club
(20, 0, D:6)
  a +2 short sword of protection
  a +0 shortbow
  15 arrows
(23, -25, D:6)
  16 stones
(26, -22, D:6)
  a +0 war axe
(30, -22, D:6)
  a +0 giant club
(31, -32, D:6)
  a +0 club
(33, -30, D:6)
  a +0 quarterstaff
(33, -27, D:6)
  a +0 halberd
(33, -23, D:6)
  a +0 whip
(37, -35, D:6)
  a +0 ring mail
(49, -8, D:6)
  a +0 giant club
(50, -15, D:6)
  3 potions of degeneration
  a scroll of random uselessness
(68, -36, D:6)
  14 sling bullets

the Ecumenical Temple

