                                  .....              
                                  .....              
                                  .....##########    
                                  ..............#    
                                  ..............#    
                                  ..............#    
                                  ..............#    
                                  ..#....<......#    
                                  ........#######    
                                  ......#.#          
                                  ......#.#          
                           ............ #.#          
                            ..0....o... #%##         
                     ##     ..o.......  #..##        
                    .....   ......###....#(.###      
                    .....   #o....###..#...@o.#######
                #.#......## #.....h... ###.o........#
  ####### ####.##...#...[.###Oh..##..    ###........#
 ##.....##.....#...........##.#   #.     ...........#
##.................)....(.g.SS# # #    #.##.........#
#..........................#Zh#.###      .......[...#
#..$.=).................(...gc......    .############
#.....$#+#..........)...g...#....#..   .             
#......+   ......#..............o...                 
#....g.#+#.........>...####....@...a                 
#................#.#####  .......o..                 
##.............  #.      ......o....                 
 ##.>..a##...    ##     ........o...                 
  ######....           ..####......                  
        .###          ##.    #..###                  
         #             .      $##                    
