               #########                                      
               #.......#                                      
               #.......#                                      
               #.......#                                      
               #.......#                                      
    ########   #.......#     #####+######                     
    #......#####.......#######..##.##...###                   
    #..................#.....#......#.....#                   
    #..................')....)......#.....#                   
    #..................#.....#......#.....#                   
    #..................##########).####...#    .######        
#...#...........................#.)####...#####.......        
#...#...........................#..).)........#..(....        
#...#...........................#.............#.......        
#...#...........................#.............#.......        
#...###################.........#.............#.......        
#.........#...........#.........#...###..##'###.......        
#.....<...#...........#......##########..#..........#         
#.........#..........(#......#       ....'..........#         
#...##....##..........+......#      .....#..........#         
#...########...##.....#......#      .....#..........#         
#..............##.....#......#############..........#         
#..............+......###'##...................#'####         
#......>..##...##..........#...................#...           
#################..........#...................#....          
                #.....##...+...................# ...          
                #.....##...#..........o........#              
               .......##...#..........oo....o..#########    ..
              ........####+##########'##...............#####..
             ..........#....#..........#.Z....................
             ..........+....#..........#......................
                       #...Z#..........#......................
                      ##....#..........#...............?......
                      #.....#..........#......................
                      #.....#..Z.......#..\...................
                      #.....#..........#...............#####.o
                      ##....##.##.######...............#      
                       #....##.##.# #............#######      
                       #........#.. #............#            
                       #........#...'............#            
                       #........#...#............#            
                       #######.... .#............#            
                             ..#### #######......#            
                             ..#          #......#            
                             ..#          #...!..#            
                              .#                              
