                                  #.      ..                
                                  #.    ...                 
                                  #.    ..                  
                             g##  #.    .#                  
                             ....##.####.#                  
                             ............#                  
                             ...........#                   
                             ........g..#                   
                             ....##.##..#                   
                             .   ... #.g####                
                                #### #.....##               
                                     #..###.#               
                                     #..# #g#             .#
                                     #..###.#            #.#
                                 #####O#...##            #.#
                                 #.....##.##             #.#
                                 #.######.#              #.#
                                 #.#    #.#              #.#
                                ##.##   #.#    ###########^#
                               ##...##  #.#    #...........#
         .#                 ####.....#  #.#    #.#########.#
         .#                ..........#  #.#    #.#       #.#
         .#                .####.....#  #.#    #.#       #.#
       ##.#                    ##....####.#   ##.##      #.#
 #.    ..$#                     ##.#......#####..(########.#
 #.    #..#                   ...........##................#
 #.    #e.######              #..........##.###...##########
 #.##  #.......#              #.#.#.###...#.# ##.##         
 #..#  #.#####.#              #.#.......#...#  #.#          
 #..#  #.#                    #.###.###...###  #.#          
 #..####.#    .#              #.. ..  ##.##    #.#          
 #[......#    .#              #.# #    #.#     #.#          
###.######    .#              #.#      #.#     #.#          
#.....#    ###.#              #.#      #.#     #.#          
#...ee######...#              #.#      #.#     #.#          
#..............#              #.#      #g#     #.#          
#.....######...#       ########.####   #O#######.#          
#.....#    ##..#       #...[.......#   #.........#          
#######     #..#       #.##.....##.##  #<#########          
            #..#       #.#.....##.#.####.#                  
            #..####    #.........###.....#                  
            #.....######.......##.#.######                  
            #.###...<.........####.##                       
            #.# ########..###### #.#                        
            #.##########......(....#                        
            #...........[.##########                        
            ###############                                 
