innerpeace

Level 1 of the Dungeon
(0, 0, D:1)
  a +0 dagger
(7, 37, D:1)
  13 bolts
(13, 7, D:1)
  a +0 club
(14, 36, D:1)
  16 stones
(17, 35, D:1)
  a +0 short sword
(19, 40, D:1)
  21 arrows
(21, 0, D:1)
  a +0 club
(24, -7, D:1)
  a +0 club
(24, -2, D:1)
  a +0 mace
(26, 10, D:1)
  23 stones
(31, 10, D:1)
  a +0 hand axe
(34, 16, D:1)
  a +0 ring mail
(36, 34, D:1)
  a +0 robe
(45, 1, D:1)
  a +0 dagger
(52, 1, D:1)
  a +0 leather armour
(55, 20, D:1)
  a +0 ring mail

Level 2 of the Dungeon
(0, 0, D:2)
  24 bolts
(6, -11, D:2)
  a cursed +0 pair of boots
(13, 17, D:2)
  a +0 club
(15, 20, D:2)
  a +0 leather armour (still there?)
  a +0 club (still there?)
(20, -7, D:2)
  20 sling bullets
(32, 25, D:2)
  a +0 club
(35, 20, D:2)
  16 stones
  a +0 club
(36, 30, D:2)
  10 arrows
(36, 37, D:2)
  a +0 robe
  a +0 short sword
(37, 37, D:2)
  a +0 club
(41, 12, D:2)
  a +0 club
(44, 38, D:2)
  a cursed -3 short sword
(48, 31, D:2)
  a +0 club

Level 3 of the Dungeon
(0, 0, D:3)
  a scroll of amnesia
(1, 2, D:3)
  a +0 flail (still there?)
  a +0 mace (still there?)
(1, 3, D:3)
  a +0 robe
  (unseen)

