quit

Level 1 of the Dungeon
(0, 0, D:1)
  a +0 dagger
(2, 22, D:1)
  24 poisoned needles
(4, -6, D:1)
  a stone
(4, 1, D:1)
  a +0 club
(8, -8, D:1)
  3 stones
(8, 31, D:1)
  a +0 dagger
(10, 0, D:1)
  a +0 club
(15, -4, D:1)
  a +0 dagger
(15, 34, D:1)
  20 arrows
(25, 28, D:1)
  a stone
(25, 33, D:1)
  a stone
(26, 27, D:1)
  a stone
  17 sling bullets
(34, -4, D:1)
  a +0 dagger
(34, 20, D:1)
  a stone
(35, 12, D:1)
  a +0 hunting sling
(41, -4, D:1)
  a +0 club
(41, -2, D:1)
  9 poisoned needles
(42, -9, D:1)
  a +0 leather armour
(42, 33, D:1)
  a +0 club

Level 2 of the Dungeon
(0, 0, D:2)
  a stone
(0, 5, D:2)
  a cursed -3 club
(3, -4, D:2)
  a +0 dagger
(10, -14, D:2)
  a +0 club
(10, 7, D:2)
  21 stones
(26, -4, D:2)
  7 stones
(26, 4, D:2)
  a +0 club
(31, 12, D:2)
  a stone
(32, 11, D:2)
  a stone
(35, 12, D:2)
  a +0 dagger
(38, -6, D:2)
  a +0 ring mail
(38, 15, D:2)
  a +0 club
(39, 4, D:2)
  a +0 club
  a +0 robe
  a +0 club
  a +0 helmet
  a +0 club
(41, 5, D:2)
  a cursed -1 club
(44, -7, D:2)
  a +0 flail
  a +0 leather armour
(45, -6, D:2)
  a cursed -3 dagger

Level 3 of the Dungeon
(0, 0, D:3)
  a stone
(1, -4, D:3)
  a +0 dagger
(17, -5, D:3)
  a +0 scale mail
(20, -3, D:3)
  a +0 short sword
(24, -16, D:3)
  a +0 scythe
  a +0 robe
(32, -11, D:3)
  a +0 dagger
(35, 19, D:3)
  18 arrows
(38, 0, D:3)
  a +0 falchion
  a +0 leather armour
(39, 0, D:3)
  a +2 short sword of draining
(40, 1, D:3)
  a +0 dagger
  a +0 robe
(40, 12, D:3)
  a +0 club
(42, -13, D:3)
  a +0 short sword
(42, -2, D:3)
  16 stones
(45, 7, D:3)
  a +0 whip

Level 4 of the Dungeon
[Shop] Dibram's Assorted Antiques
  a wand of iceblast (10) (294 gold)
  a +3 ring of dexterity (329 gold)
  a potion of heal wounds (105 gold)
  a book of Maledictions (525 gold)
  a book of Callings (630 gold)
  a +0 trident (73 gold)
  a +0 plate armour (483 gold)
  a +0 robe (14 gold)
  a +0 whip (52 gold)
  a +0 scale mail (84 gold)
(0, 0, D:4)
  7 sling bullets
(6, -59, D:4)
  18 arrows
(6, -39, D:4)
  23 stones
(9, -14, D:4)
  19 arrows
(14, -9, D:4)
  a +0 flail
(15, -13, D:4)
  a +0 whip
(17, 0, D:4)
  21 stones
(18, -32, D:4)
  a +0 giant club
(20, -2, D:4)
  18 stones
(22, -7, D:4)
  2 curare-tipped needles
(23, -1, D:4)
  16 stones
(23, 0, D:4)
  a throwing net
(28, -26, D:4)
  19 stones
(29, -56, D:4)
  a +0 scale mail
(47, -54, D:4)
  19 stones
(51, -23, D:4)
  a +0 quarterstaff
(58, -49, D:4)
  a +0 robe
(58, -14, D:4)
  an arrow
(60, -14, D:4)
  an arrow
(60, -12, D:4)
  a +0 mace
(63, -29, D:4)
  24 stones
(63, -14, D:4)
  a +0 shortbow
  6 arrows

Level 5 of the Dungeon
(0, 0, D:5)
  3 scrolls of noise
(1, 0, D:5)
  a +0 giant spiked club
(13, -4, D:5)
  a +0 ring mail
(15, 1, D:5)
  a +2 dagger of freezing
(40, 29, D:5)
  a +0 mace
(56, 36, D:5)
  a +0 leather armour

Level 6 of the Dungeon
(0, 0, D:6)
  a cursed -3 hand axe
(1, -14, D:6)
  a +0 ring mail
(3, -20, D:6)
  a +0 chain mail
(5, -29, D:6)
  a +0 trident
(10, 5, D:6)
  a +0 robe
(12, -3, D:6)
  a +0 dagger
  a +0 robe
(15, -18, D:6)
  an uncursed staff of poison
(15, -17, D:6)
  a +0 flail
(16, -7, D:6)
  a stone
(17, -20, D:6)
  a +0 leather armour
(18, -10, D:6)
  a +0 halberd
  29 stones
(18, -8, D:6)
  a +0 club
  a +0 robe
(22, -21, D:6)
  a +0 club
(30, -23, D:6)
  14 arrows
  a +0 shortbow
(31, -22, D:6)
  6 arrows
(31, -21, D:6)
  a +0 giant spiked club
(32, -21, D:6)
  3 arrows
(34, -20, D:6)
  an arrow
(38, -24, D:6)
  16 sling bullets
(41, -26, D:6)
  a +0 spear
(43, -19, D:6)
  2 tomahawks
(45, -18, D:6)
  a tomahawk
  a +0 mace
  an orc skeleton
(46, -18, D:6)
  a +0 club
  a +0 leather armour
(47, -19, D:6)
  a +0 robe
  a +0 dagger

Level 7 of the Dungeon
(0, 0, D:7)
  a +0 mace
  (unseen)
(1, 0, D:7)
  a +0 club
  an orc corpse
(1, 1, D:7)
  a +0 flail
  (unseen)
(4, -2, D:7)
  a scroll of magic mapping
(8, 1, D:7)
  a cursed amulet of faith

the Ecumenical Temple

