im bad at dcss

Level 1 of the Dungeon
(0, 0, D:1)
  a +0 dagger
(1, -27, D:1)
  24 arrows
(4, -33, D:1)
  24 arrows
(16, -36, D:1)
  a +0 dagger
(25, -24, D:1)
  a +0 dagger
(33, -6, D:1)
  16 stones
(37, -45, D:1)
  a +0 club
(40, -30, D:1)
  a +0 hunting sling
(43, -39, D:1)
  a +0 robe
(43, 0, D:1)
  a +0 scale mail
(45, -37, D:1)
  a +0 short sword
(45, -6, D:1)
  13 poisoned needles
(47, -44, D:1)
  a +0 short sword
(47, -10, D:1)
  a cursed -3 dagger
  3 stones

Level 2 of the Dungeon
(1, 21, D:2)
  a +0 ring mail
(6, -3, D:2)
  a +0 dagger
(12, 8, D:2)
  a +0 club
(15, -18, D:2)
  a stone
(17, -22, D:2)
  a +0 short sword
  2 stones
(19, -21, D:2)
  a +0 club
(20, -17, D:2)
  a cursed -1 club
  15 stones
(20, -15, D:2)
  a stone
(32, 4, D:2)
  17 sling bullets
(35, 0, D:2)
  a stone
(42, -25, D:2)
  a cursed +0 robe
(46, -13, D:2)
  a +0 short sword
(49, -19, D:2)
  a +0 dagger
(51, -20, D:2)
  a +0 club
(51, -19, D:2)
  a +0 dagger
(55, -22, D:2)
  21 sling bullets

Level 3 of the Dungeon
(0, 0, D:3)
  a +0 ring mail
(0, 3, D:3)
  30 arrows
(1, -4, D:3)
  a +0 club
(4, -24, D:3)
  a +0 club
  a kobold corpse (skeletalised by now)
(7, 7, D:3)
  a scroll of identify
(8, 10, D:3)
  a bat corpse
(9, 4, D:3)
  a +0 dagger
(9, 10, D:3)
  a +0 club
(9, 16, D:3)
  a +0 giant spiked club
(10, 11, D:3)
  a +0 ring mail
(11, 13, D:3)
  a goblin corpse
(11, 14, D:3)
  a scroll of fear
(11, 15, D:3)
  a potion of haste
(14, 13, D:3)
  a potion of might
(16, -8, D:3)
  a stone
(17, -8, D:3)
  20 stones
(23, -10, D:3)
  3 stones
  a kobold skeleton
(24, -16, D:3)
  a +0 whip
(33, -14, D:3)
  a +0 leather armour
(34, -20, D:3)
  a ball python skeleton
(37, -15, D:3)
  a tomahawk
(38, -16, D:3)
  a tomahawk
(39, -17, D:3)
  a tomahawk
(43, -18, D:3)
  a +0 trident

