innerpeace

Level 1 of the Dungeon
(7, 9, D:1)
  13 bolts
(8, 13, D:1)
  a +0 robe
(16, -23, D:1)
  a +0 robe
(25, 25, D:1)
  22 poisoned needles
(28, -33, D:1)
  2 stones
(38, -11, D:1)
  20 bolts
(39, -1, D:1)
  a +0 short sword
(44, -4, D:1)
  16 stones
(44, 16, D:1)
  a +0 robe
(51, -12, D:1)
  a +0 club
(52, -19, D:1)
  21 stones
(59, -22, D:1)
  a +0 club

Level 2 of the Dungeon
(4, 34, D:2)
  a +0 club
(13, 13, D:2)
  6 poisoned javelins
(15, 12, D:2)
  a +0 dagger
(19, 13, D:2)
  a stone
(19, 17, D:2)
  a stone
(19, 18, D:2)
  a stone
(19, 20, D:2)
  a +0 club
  a +0 club
  a +0 dagger
  a +0 leather armour
(19, 32, D:2)
  22 bolts
(19, 43, D:2)
  a cursed -3 mace
(29, -13, D:2)
  a +0 club
  a stone
(30, -4, D:2)
  a +0 club
(31, 14, D:2)
  8 curare-tipped needles
(32, 34, D:2)
  19 stones
(38, 20, D:2)
  a +0 dagger
(40, 9, D:2)
  22 stones
(42, -2, D:2)
  a +0 rapier
(44, -13, D:2)
  a +0 club
(53, -1, D:2)
  a +0 short sword

Level 3 of the Dungeon

a sewer
(0, 0, Sewer)
  a ball python corpse (skeletalised by now)
(17, -10, Sewer)
  a frilled lizard corpse (skeletalised by now)
  a ball python corpse (skeletalised by now)

