                    #########                      
               ######....%..#                      
               #......#####.#                      
               #.####.#   #.#                      
               #.#  #(### #.#                      
               #.# ##...# #.#                      
              ##.###....###.#####                  
              #......_..........#                  
              #.###....###......#                  
              #.# #...## #.....<#                  
              #.# ###.#  #......#                  
              #.#   #.####.)....#                  
           ####.#####...........##       #######   
  #######  #........#.#..........####### #...<.#   
  #.....#  #....(####..........(.......###.....#   
  #.....#  #.......####.........######.........#   
###>....#  ######%..# #############...%.##.....#   
#[......####    #.#.#        ####...############   
#..........#### #...####  ####....###              
###.%.###.....#####....#  #....####                
  ##..# #...#....##.##.####.#####                  
   #..# ###......##.##..........#                  
   #..#########.................##                 
####..........#..................###               
#...#...(...................%.......               
#...#...............................   ############
#...#.........#####...)..####.......   #..........#
#...........##    ###..#.#   #......   #..........#
#.....#######       ##.(.#####......####...)......#
#<....##             ##(..........................#
#......###            #.################......>...#
#........#            #..#             #..........#
##.##.##.#            ##.#             ##.........#
 #. #.##.#             #.#            ###.........#
 #. #.##.#             #.#            #...........#
   ##.##.#             #.##         ###.#........<#
   #.....###############..###########...###########
   #.....#............................###          
   #.......##############.#############            
   #......####          #.#                        
   #.........#####      #.#                        
   #.####.##.....#      #.#                        
   #.#  #.######.#      #..                        
   ....##.######.##     ##.                        
  . ........#hg...###     .                        
    ........gggg....#     .#                       
    ......)g$.S.r...#                              
    ......grg.........#                            
    ......g..!......#..                            
    .................)..                           
    ..[/...?........####                           
    ...........>...##                              
    ........#.....##                               
    .....##########                                
    ...>.                                          
