                                   #########             
                                 # #.......#             
                                 #.#.......#             
                                 #.#.......##########    
                                 ...................#    
                                   #.......########.#    
                                   #.......#      #.#    
                                   #.......#      #.#    
                                   ####.####  #####.###  
                                     ##'##    #.......#  
                                    ##...##   #.###.#.#  
                                   ##.....##  #[#...#.###
                                  ##.......## #.#.......#
                                  #.........###.........#
                                  +.........'.......(...#
                                  #.........###.[...(...#
                                  ##.......## #..>..(...#
                                   ##.#.###.# ###.......#
                               .    ###.....#   #.......#
                               #.   ###.#.#.### ####.####
                               #..  #.........#    #(#   
                                #.###.#.#.#.#.######(#   
                                #.......#.#.......##.#   
                                ###.#.###.###.#.#.##.#   
                                  #......<......#.##.#   
                               ...#.#.###.###.#.#....#   
                                #.......#.#.......####   
                                #####.#.#.#.#.###.#      
                                    #.........# #.#      
                                    ###.#.#.### ..#      
                                      #.....#   ###      
                                      #.###.#            
                                      #.# ###            
    #.                       #####    #.#                
#   #.                       #...######.#                
 K  #.##############         #..........##               
 #.##....(....†....#         #...#####...##              
 #.#.........#####.#       ####.##  #.###.########       
.#...........#####.#####   #.K..#   #g# #.........       
.b...K...g...##....K...#   #.####   #.###.########       
 #.##..K.....##.##.###g#####.###    ##...##              
    #b.......##  #.# #..g.g....#     ##.##               
    #.g......#   #.# #.#####.#.#      #.#                
    #'########   ..# #.#   #.#.#      #'#                
   #..!#         .## #.#   #.# #      ...                
  #.....#       #.   #.#   ..#       )....               
 #.......#      ..   ..#   ##.      .......              
#......$..#          #.#     .     .........             
+.......l.+          ..      .    +.........+            
#.........#                       #.........#            
##.......##                                              
