          ### ##        
         ##.#  .#       
        ##.##  ..###    
       ##.##    ...#    
       #.##     ...##   
       #..#     #...#   
       ##<##    #...##  
 .#     #..##  ##....###
 ...    ##..####<......#
 ...#    ##..##.....#.##
 ....#   ##........## # 
 .....####........##    
    #............##     
 ..##.......##...##     
 ........#####.....     
 ..........##.......    
 .......#......####..   
 ......####..###   #.   
 .....#   #..#          
 ....#    ##.###   ##.  
 ##..    ###Z..###....  
  #..#####.o..........  
    ..................  
    ..................  
   ...####oo##......#.  
   ..#   #..##.......#  
   ...#  #..#........#  
   ....###..#.......##  
   ................##   
   ............###..    
   ........#####        
   ....###..#           
   ..## #...#           
       ##...##          
.     ##.....#          
...####....#..#         
.....=...####....       
........##   o.(...     
........#    .#####     
.#####...    .#         
     ##...   ##         
      ##..o             
        ...Z            
        ....o           
        ......          
